mode: atomic
github.com/MamangRust/monolith-payment-gateway-pkg/adapter/role/role.go:30.62,30.77 1 0
github.com/MamangRust/monolith-payment-gateway-pkg/adapter/role/role.go:35.91,37.27 2 0
github.com/MamangRust/monolith-payment-gateway-pkg/adapter/role/role.go:37.27,39.3 1 0
github.com/MamangRust/monolith-payment-gateway-pkg/adapter/role/role.go:40.2,40.10 1 0
github.com/MamangRust/monolith-payment-gateway-pkg/adapter/role/role.go:46.84,48.2 1 0
github.com/MamangRust/monolith-payment-gateway-pkg/adapter/role/role.go:51.100,53.2 1 0
github.com/MamangRust/monolith-payment-gateway-pkg/adapter/role/role.go:55.86,56.101 1 0
github.com/MamangRust/monolith-payment-gateway-pkg/adapter/role/role.go:56.101,58.3 1 0
github.com/MamangRust/monolith-payment-gateway-pkg/adapter/role/role.go:59.2,59.16 1 0
github.com/MamangRust/monolith-payment-gateway-pkg/adapter/role/role.go:59.16,61.3 1 0
github.com/MamangRust/monolith-payment-gateway-pkg/adapter/role/role.go:62.2,62.16 1 0
github.com/MamangRust/monolith-payment-gateway-pkg/adapter/role/role.go:62.16,64.3 1 0
github.com/MamangRust/monolith-payment-gateway-pkg/adapter/role/role.go:65.2,65.35 1 0
github.com/MamangRust/monolith-payment-gateway-pkg/adapter/role/role.go:69.89,70.101 1 0
github.com/MamangRust/monolith-payment-gateway-pkg/adapter/role/role.go:70.101,72.3 1 0
github.com/MamangRust/monolith-payment-gateway-pkg/adapter/role/role.go:73.2,73.16 1 0
github.com/MamangRust/monolith-payment-gateway-pkg/adapter/role/role.go:73.16,75.3 1 0
github.com/MamangRust/monolith-payment-gateway-pkg/adapter/role/role.go:76.2,76.16 1 0
github.com/MamangRust/monolith-payment-gateway-pkg/adapter/role/role.go:76.16,78.3 1 0
github.com/MamangRust/monolith-payment-gateway-pkg/adapter/role/role.go:79.2,79.35 1 0
github.com/MamangRust/monolith-payment-gateway-pkg/adapter/role/role.go:82.59,83.17 1 0
github.com/MamangRust/monolith-payment-gateway-pkg/adapter/role/role.go:83.17,85.3 1 0
github.com/MamangRust/monolith-payment-gateway-pkg/adapter/role/role.go:86.2,91.3 1 0
github.com/MamangRust/monolith-payment-gateway-pkg/adapter/role/role.go:96.36,97.13 1 0
github.com/MamangRust/monolith-payment-gateway-pkg/adapter/role/role.go:97.13,99.3 1 0
github.com/MamangRust/monolith-payment-gateway-pkg/adapter/role/role.go:100.2,100.89 1 0
github.com/MamangRust/monolith-payment-gateway-pkg/adapter/role/role.go:100.89,101.50 1 0
github.com/MamangRust/monolith-payment-gateway-pkg/adapter/role/role.go:101.50,103.4 1 0
github.com/MamangRust/monolith-payment-gateway-pkg/adapter/role/role.go:105.2,105.20 1 0
github.com/MamangRust/monolith-payment-gateway-pkg/adapter/card/card.go:40.62,40.77 1 0
github.com/MamangRust/monolith-payment-gateway-pkg/adapter/card/card.go:45.136,47.27 2 0
github.com/MamangRust/monolith-payment-gateway-pkg/adapter/card/card.go:47.27,49.3 1 0
github.com/MamangRust/monolith-payment-gateway-pkg/adapter/card/card.go:50.2,50.10 1 0
github.com/MamangRust/monolith-payment-gateway-pkg/adapter/card/card.go:56.129,58.2 1 0
github.com/MamangRust/monolith-payment-gateway-pkg/adapter/card/card.go:62.104,64.2 1 0
github.com/MamangRust/monolith-payment-gateway-pkg/adapter/card/card.go:68.112,70.2 1 0
github.com/MamangRust/monolith-payment-gateway-pkg/adapter/card/card.go:72.107,73.100 1 0
github.com/MamangRust/monolith-payment-gateway-pkg/adapter/card/card.go:73.100,77.3 1 0
github.com/MamangRust/monolith-payment-gateway-pkg/adapter/card/card.go:78.2,78.16 1 0
github.com/MamangRust/monolith-payment-gateway-pkg/adapter/card/card.go:78.16,80.3 1 0
github.com/MamangRust/monolith-payment-gateway-pkg/adapter/card/card.go:82.2,91.8 1 0
github.com/MamangRust/monolith-payment-gateway-pkg/adapter/card/card.go:94.120,95.106 1 0
github.com/MamangRust/monolith-payment-gateway-pkg/adapter/card/card.go:95.106,99.3 1 0
github.com/MamangRust/monolith-payment-gateway-pkg/adapter/card/card.go:100.2,100.16 1 0
github.com/MamangRust/monolith-payment-gateway-pkg/adapter/card/card.go:100.16,102.3 1 0
github.com/MamangRust/monolith-payment-gateway-pkg/adapter/card/card.go:104.2,113.8 1 0
github.com/MamangRust/monolith-payment-gateway-pkg/adapter/card/card.go:116.118,117.100 1 0
github.com/MamangRust/monolith-payment-gateway-pkg/adapter/card/card.go:117.100,121.3 1 0
github.com/MamangRust/monolith-payment-gateway-pkg/adapter/card/card.go:122.2,122.16 1 0
github.com/MamangRust/monolith-payment-gateway-pkg/adapter/card/card.go:122.16,124.3 1 0
github.com/MamangRust/monolith-payment-gateway-pkg/adapter/card/card.go:126.2,135.8 1 0
github.com/MamangRust/monolith-payment-gateway-pkg/adapter/card/card.go:138.122,139.100 1 0
github.com/MamangRust/monolith-payment-gateway-pkg/adapter/card/card.go:139.100,148.3 1 0
github.com/MamangRust/monolith-payment-gateway-pkg/adapter/card/card.go:149.2,149.16 1 0
github.com/MamangRust/monolith-payment-gateway-pkg/adapter/card/card.go:149.16,151.3 1 0
github.com/MamangRust/monolith-payment-gateway-pkg/adapter/card/card.go:153.2,161.8 1 0
github.com/MamangRust/monolith-payment-gateway-pkg/adapter/card/card.go:164.119,165.100 1 0
github.com/MamangRust/monolith-payment-gateway-pkg/adapter/card/card.go:165.100,170.3 1 0
github.com/MamangRust/monolith-payment-gateway-pkg/adapter/card/card.go:171.2,171.16 1 0
github.com/MamangRust/monolith-payment-gateway-pkg/adapter/card/card.go:171.16,173.3 1 0
github.com/MamangRust/monolith-payment-gateway-pkg/adapter/card/card.go:175.2,187.8 1 0
github.com/MamangRust/monolith-payment-gateway-pkg/adapter/card/card.go:190.153,192.2 1 0
github.com/MamangRust/monolith-payment-gateway-pkg/adapter/card/card.go:194.124,195.100 1 0
github.com/MamangRust/monolith-payment-gateway-pkg/adapter/card/card.go:195.100,199.3 1 0
github.com/MamangRust/monolith-payment-gateway-pkg/adapter/card/card.go:200.2,200.16 1 0
github.com/MamangRust/monolith-payment-gateway-pkg/adapter/card/card.go:200.16,202.3 1 0
github.com/MamangRust/monolith-payment-gateway-pkg/adapter/card/card.go:204.2,216.8 1 0
github.com/MamangRust/monolith-payment-gateway-pkg/adapter/card/card.go:221.37,222.14 1 0
github.com/MamangRust/monolith-payment-gateway-pkg/adapter/card/card.go:222.14,224.3 1 0
github.com/MamangRust/monolith-payment-gateway-pkg/adapter/card/card.go:225.2,226.16 2 0
github.com/MamangRust/monolith-payment-gateway-pkg/adapter/card/card.go:226.16,228.3 1 0
github.com/MamangRust/monolith-payment-gateway-pkg/adapter/card/card.go:229.2,229.10 1 0
github.com/MamangRust/monolith-payment-gateway-pkg/adapter/user/user.go:40.62,40.77 1 0
github.com/MamangRust/monolith-payment-gateway-pkg/adapter/user/user.go:45.136,47.27 2 0
github.com/MamangRust/monolith-payment-gateway-pkg/adapter/user/user.go:47.27,49.3 1 0
github.com/MamangRust/monolith-payment-gateway-pkg/adapter/user/user.go:50.2,50.10 1 0
github.com/MamangRust/monolith-payment-gateway-pkg/adapter/user/user.go:56.129,58.2 1 0
github.com/MamangRust/monolith-payment-gateway-pkg/adapter/user/user.go:62.104,64.2 1 0
github.com/MamangRust/monolith-payment-gateway-pkg/adapter/user/user.go:68.112,70.2 1 0
github.com/MamangRust/monolith-payment-gateway-pkg/adapter/user/user.go:72.94,73.100 1 0
github.com/MamangRust/monolith-payment-gateway-pkg/adapter/user/user.go:73.100,75.3 1 0
github.com/MamangRust/monolith-payment-gateway-pkg/adapter/user/user.go:76.2,76.16 1 0
github.com/MamangRust/monolith-payment-gateway-pkg/adapter/user/user.go:76.16,78.3 1 0
github.com/MamangRust/monolith-payment-gateway-pkg/adapter/user/user.go:79.2,79.35 1 0
github.com/MamangRust/monolith-payment-gateway-pkg/adapter/user/user.go:79.35,81.3 1 0
github.com/MamangRust/monolith-payment-gateway-pkg/adapter/user/user.go:82.2,89.8 1 0
github.com/MamangRust/monolith-payment-gateway-pkg/adapter/user/user.go:92.113,93.112 1 0
github.com/MamangRust/monolith-payment-gateway-pkg/adapter/user/user.go:93.112,95.3 1 0
github.com/MamangRust/monolith-payment-gateway-pkg/adapter/user/user.go:96.2,96.16 1 0
github.com/MamangRust/monolith-payment-gateway-pkg/adapter/user/user.go:96.16,98.3 1 0
github.com/MamangRust/monolith-payment-gateway-pkg/adapter/user/user.go:99.2,99.35 1 0
github.com/MamangRust/monolith-payment-gateway-pkg/adapter/user/user.go:99.35,101.3 1 0
github.com/MamangRust/monolith-payment-gateway-pkg/adapter/user/user.go:102.2,106.8 1 0
github.com/MamangRust/monolith-payment-gateway-pkg/adapter/user/user.go:111.122,112.112 1 0
github.com/MamangRust/monolith-payment-gateway-pkg/adapter/user/user.go:112.112,114.3 1 0
github.com/MamangRust/monolith-payment-gateway-pkg/adapter/user/user.go:115.2,115.16 1 0
github.com/MamangRust/monolith-payment-gateway-pkg/adapter/user/user.go:115.16,117.3 1 0
github.com/MamangRust/monolith-payment-gateway-pkg/adapter/user/user.go:118.2,118.35 1 0
github.com/MamangRust/monolith-payment-gateway-pkg/adapter/user/user.go:118.35,120.3 1 0
github.com/MamangRust/monolith-payment-gateway-pkg/adapter/user/user.go:121.2,125.8 1 0
github.com/MamangRust/monolith-payment-gateway-pkg/adapter/user/user.go:128.122,129.100 1 0
github.com/MamangRust/monolith-payment-gateway-pkg/adapter/user/user.go:129.100,131.3 1 0
github.com/MamangRust/monolith-payment-gateway-pkg/adapter/user/user.go:132.2,132.16 1 0
github.com/MamangRust/monolith-payment-gateway-pkg/adapter/user/user.go:132.16,134.3 1 0
github.com/MamangRust/monolith-payment-gateway-pkg/adapter/user/user.go:135.2,135.35 1 0
github.com/MamangRust/monolith-payment-gateway-pkg/adapter/user/user.go:135.35,137.3 1 0
github.com/MamangRust/monolith-payment-gateway-pkg/adapter/user/user.go:138.2,145.8 1 0
github.com/MamangRust/monolith-payment-gateway-pkg/adapter/user/user.go:148.116,149.100 1 0
github.com/MamangRust/monolith-payment-gateway-pkg/adapter/user/user.go:149.100,158.3 1 0
github.com/MamangRust/monolith-payment-gateway-pkg/adapter/user/user.go:159.2,159.16 1 0
github.com/MamangRust/monolith-payment-gateway-pkg/adapter/user/user.go:159.16,161.3 1 0
github.com/MamangRust/monolith-payment-gateway-pkg/adapter/user/user.go:162.2,162.35 1 0
github.com/MamangRust/monolith-payment-gateway-pkg/adapter/user/user.go:162.35,164.3 1 0
github.com/MamangRust/monolith-payment-gateway-pkg/adapter/user/user.go:165.2,172.8 1 0
github.com/MamangRust/monolith-payment-gateway-pkg/adapter/user/user.go:175.130,176.100 1 0
github.com/MamangRust/monolith-payment-gateway-pkg/adapter/user/user.go:176.100,181.3 1 0
github.com/MamangRust/monolith-payment-gateway-pkg/adapter/user/user.go:182.2,182.16 1 0
github.com/MamangRust/monolith-payment-gateway-pkg/adapter/user/user.go:182.16,184.3 1 0
github.com/MamangRust/monolith-payment-gateway-pkg/adapter/user/user.go:185.2,185.35 1 0
github.com/MamangRust/monolith-payment-gateway-pkg/adapter/user/user.go:185.35,187.3 1 0
github.com/MamangRust/monolith-payment-gateway-pkg/adapter/user/user.go:188.2,195.8 1 0
github.com/MamangRust/monolith-payment-gateway-pkg/adapter/user/user.go:198.125,199.100 1 0
github.com/MamangRust/monolith-payment-gateway-pkg/adapter/user/user.go:199.100,204.3 1 0
github.com/MamangRust/monolith-payment-gateway-pkg/adapter/user/user.go:205.2,205.16 1 0
github.com/MamangRust/monolith-payment-gateway-pkg/adapter/user/user.go:205.16,207.3 1 0
github.com/MamangRust/monolith-payment-gateway-pkg/adapter/user/user.go:208.2,208.35 1 0
github.com/MamangRust/monolith-payment-gateway-pkg/adapter/user/user.go:208.35,210.3 1 0
github.com/MamangRust/monolith-payment-gateway-pkg/adapter/user/user.go:211.2,218.8 1 0
github.com/MamangRust/monolith-payment-gateway-pkg/adapter/user/user.go:223.36,224.13 1 0
github.com/MamangRust/monolith-payment-gateway-pkg/adapter/user/user.go:224.13,226.3 1 0
github.com/MamangRust/monolith-payment-gateway-pkg/adapter/user/user.go:227.2,227.89 1 0
github.com/MamangRust/monolith-payment-gateway-pkg/adapter/user/user.go:227.89,228.50 1 0
github.com/MamangRust/monolith-payment-gateway-pkg/adapter/user/user.go:228.50,230.4 1 0
github.com/MamangRust/monolith-payment-gateway-pkg/adapter/user/user.go:232.2,232.20 1 0
github.com/MamangRust/monolith-payment-gateway-pkg/adapter/merchant/merchant.go:26.62,26.77 1 0
github.com/MamangRust/monolith-payment-gateway-pkg/adapter/merchant/merchant.go:31.103,33.27 2 0
github.com/MamangRust/monolith-payment-gateway-pkg/adapter/merchant/merchant.go:33.27,35.3 1 0
github.com/MamangRust/monolith-payment-gateway-pkg/adapter/merchant/merchant.go:36.2,36.10 1 0
github.com/MamangRust/monolith-payment-gateway-pkg/adapter/merchant/merchant.go:42.96,44.2 1 0
github.com/MamangRust/monolith-payment-gateway-pkg/adapter/merchant/merchant.go:48.112,50.2 1 0
github.com/MamangRust/monolith-payment-gateway-pkg/adapter/merchant/merchant.go:52.110,53.108 1 0
github.com/MamangRust/monolith-payment-gateway-pkg/adapter/merchant/merchant.go:53.108,57.3 1 0
github.com/MamangRust/monolith-payment-gateway-pkg/adapter/merchant/merchant.go:58.2,58.16 1 0
github.com/MamangRust/monolith-payment-gateway-pkg/adapter/merchant/merchant.go:58.16,60.3 1 0
github.com/MamangRust/monolith-payment-gateway-pkg/adapter/merchant/merchant.go:62.2,68.8 1 0
github.com/MamangRust/monolith-payment-gateway-pkg/adapter/guard.go:14.88,16.2 1 0
github.com/MamangRust/monolith-payment-gateway-pkg/adapter/guard.go:40.73,41.29 1 0
github.com/MamangRust/monolith-payment-gateway-pkg/adapter/guard.go:41.29,43.3 1 0
github.com/MamangRust/monolith-payment-gateway-pkg/adapter/guard.go:49.118,51.53 2 0
github.com/MamangRust/monolith-payment-gateway-pkg/adapter/guard.go:51.53,53.17 2 0
github.com/MamangRust/monolith-payment-gateway-pkg/adapter/guard.go:53.17,55.4 1 0
github.com/MamangRust/monolith-payment-gateway-pkg/adapter/guard.go:56.3,57.13 2 0
github.com/MamangRust/monolith-payment-gateway-pkg/adapter/guard.go:59.2,59.16 1 0
github.com/MamangRust/monolith-payment-gateway-pkg/adapter/guard.go:59.16,62.3 2 0
github.com/MamangRust/monolith-payment-gateway-pkg/adapter/guard.go:63.2,63.17 1 0
github.com/MamangRust/monolith-payment-gateway-pkg/adapter/saldo/saldo.go:36.62,36.77 1 0
github.com/MamangRust/monolith-payment-gateway-pkg/adapter/saldo/saldo.go:41.140,43.27 2 0
github.com/MamangRust/monolith-payment-gateway-pkg/adapter/saldo/saldo.go:43.27,45.3 1 0
github.com/MamangRust/monolith-payment-gateway-pkg/adapter/saldo/saldo.go:46.2,46.10 1 0
github.com/MamangRust/monolith-payment-gateway-pkg/adapter/saldo/saldo.go:52.133,54.2 1 0
github.com/MamangRust/monolith-payment-gateway-pkg/adapter/saldo/saldo.go:58.106,60.2 1 0
github.com/MamangRust/monolith-payment-gateway-pkg/adapter/saldo/saldo.go:64.114,66.2 1 0
github.com/MamangRust/monolith-payment-gateway-pkg/adapter/saldo/saldo.go:68.103,69.102 1 0
github.com/MamangRust/monolith-payment-gateway-pkg/adapter/saldo/saldo.go:69.102,73.3 1 0
github.com/MamangRust/monolith-payment-gateway-pkg/adapter/saldo/saldo.go:74.2,74.16 1 0
github.com/MamangRust/monolith-payment-gateway-pkg/adapter/saldo/saldo.go:74.16,76.3 1 0
github.com/MamangRust/monolith-payment-gateway-pkg/adapter/saldo/saldo.go:78.2,78.31 1 0
github.com/MamangRust/monolith-payment-gateway-pkg/adapter/saldo/saldo.go:81.139,82.102 1 0
github.com/MamangRust/monolith-payment-gateway-pkg/adapter/saldo/saldo.go:82.102,87.3 1 0
github.com/MamangRust/monolith-payment-gateway-pkg/adapter/saldo/saldo.go:88.2,88.16 1 0
github.com/MamangRust/monolith-payment-gateway-pkg/adapter/saldo/saldo.go:88.16,90.3 1 0
github.com/MamangRust/monolith-payment-gateway-pkg/adapter/saldo/saldo.go:92.2,96.8 1 0
github.com/MamangRust/monolith-payment-gateway-pkg/adapter/saldo/saldo.go:99.142,101.33 2 0
github.com/MamangRust/monolith-payment-gateway-pkg/adapter/saldo/saldo.go:101.33,103.3 1 0
github.com/MamangRust/monolith-payment-gateway-pkg/adapter/saldo/saldo.go:105.2,106.35 2 0
github.com/MamangRust/monolith-payment-gateway-pkg/adapter/saldo/saldo.go:106.35,108.3 1 0
github.com/MamangRust/monolith-payment-gateway-pkg/adapter/saldo/saldo.go:110.2,110.102 1 0
github.com/MamangRust/monolith-payment-gateway-pkg/adapter/saldo/saldo.go:110.102,117.3 1 0
github.com/MamangRust/monolith-payment-gateway-pkg/adapter/saldo/saldo.go:118.2,118.16 1 0
github.com/MamangRust/monolith-payment-gateway-pkg/adapter/saldo/saldo.go:118.16,120.3 1 0
github.com/MamangRust/monolith-payment-gateway-pkg/adapter/saldo/saldo.go:122.2,130.8 1 0
github.com/MamangRust/monolith-payment-gateway-pkg/adapter/saldo/saldo.go:133.54,134.14 1 0
github.com/MamangRust/monolith-payment-gateway-pkg/adapter/saldo/saldo.go:134.14,136.3 1 0
github.com/MamangRust/monolith-payment-gateway-pkg/adapter/saldo/saldo.go:138.2,144.27 2 0
github.com/MamangRust/monolith-payment-gateway-pkg/adapter/saldo/saldo.go:144.27,147.3 2 0
github.com/MamangRust/monolith-payment-gateway-pkg/adapter/saldo/saldo.go:149.2,153.14 4 0
github.com/MamangRust/monolith-payment-gateway-pkg/adapter/saldo/saldo.go:158.37,159.14 1 0
github.com/MamangRust/monolith-payment-gateway-pkg/adapter/saldo/saldo.go:159.14,161.3 1 0
github.com/MamangRust/monolith-payment-gateway-pkg/adapter/saldo/saldo.go:162.2,163.16 2 0
github.com/MamangRust/monolith-payment-gateway-pkg/adapter/saldo/saldo.go:163.16,165.3 1 0
github.com/MamangRust/monolith-payment-gateway-pkg/adapter/saldo/saldo.go:166.2,166.10 1 0
github.com/MamangRust/monolith-payment-gateway-pkg/adapter/saldo/saldo.go:170.41,171.14 1 0
github.com/MamangRust/monolith-payment-gateway-pkg/adapter/saldo/saldo.go:171.14,173.3 1 0
github.com/MamangRust/monolith-payment-gateway-pkg/adapter/saldo/saldo.go:174.2,175.16 2 0
github.com/MamangRust/monolith-payment-gateway-pkg/adapter/saldo/saldo.go:175.16,177.3 1 0
github.com/MamangRust/monolith-payment-gateway-pkg/adapter/saldo/saldo.go:178.2,178.11 1 0
github.com/MamangRust/monolith-payment-gateway-pkg/adapter/user_role/user_role.go:40.62,40.77 1 0
github.com/MamangRust/monolith-payment-gateway-pkg/adapter/user_role/user_role.go:45.100,47.27 2 0
github.com/MamangRust/monolith-payment-gateway-pkg/adapter/user_role/user_role.go:47.27,49.3 1 0
github.com/MamangRust/monolith-payment-gateway-pkg/adapter/user_role/user_role.go:50.2,50.10 1 0
github.com/MamangRust/monolith-payment-gateway-pkg/adapter/user_role/user_role.go:56.93,58.2 1 0
github.com/MamangRust/monolith-payment-gateway-pkg/adapter/user_role/user_role.go:61.108,63.2 1 0
github.com/MamangRust/monolith-payment-gateway-pkg/adapter/user_role/user_role.go:67.114,69.2 1 0
github.com/MamangRust/monolith-payment-gateway-pkg/adapter/user_role/user_role.go:73.92,74.102 1 0
github.com/MamangRust/monolith-payment-gateway-pkg/adapter/user_role/user_role.go:74.102,76.3 1 0
github.com/MamangRust/monolith-payment-gateway-pkg/adapter/user_role/user_role.go:77.2,77.16 1 0
github.com/MamangRust/monolith-payment-gateway-pkg/adapter/user_role/user_role.go:77.16,79.3 1 0
github.com/MamangRust/monolith-payment-gateway-pkg/adapter/user_role/user_role.go:80.2,80.16 1 0
github.com/MamangRust/monolith-payment-gateway-pkg/adapter/user_role/user_role.go:80.16,82.3 1 0
github.com/MamangRust/monolith-payment-gateway-pkg/adapter/user_role/user_role.go:84.2,85.32 2 0
github.com/MamangRust/monolith-payment-gateway-pkg/adapter/user_role/user_role.go:85.32,86.18 1 0
github.com/MamangRust/monolith-payment-gateway-pkg/adapter/user_role/user_role.go:86.18,87.12 1 0
github.com/MamangRust/monolith-payment-gateway-pkg/adapter/user_role/user_role.go:89.3,89.43 1 0
github.com/MamangRust/monolith-payment-gateway-pkg/adapter/user_role/user_role.go:91.2,91.19 1 0
github.com/MamangRust/monolith-payment-gateway-pkg/adapter/user_role/user_role.go:97.123,98.109 1 0
github.com/MamangRust/monolith-payment-gateway-pkg/adapter/user_role/user_role.go:98.109,103.3 1 0
github.com/MamangRust/monolith-payment-gateway-pkg/adapter/user_role/user_role.go:104.2,104.49 1 0
github.com/MamangRust/monolith-payment-gateway-pkg/adapter/user_role/user_role.go:104.49,106.3 1 0
github.com/MamangRust/monolith-payment-gateway-pkg/adapter/user_role/user_role.go:107.2,107.39 1 0
github.com/MamangRust/monolith-payment-gateway-pkg/adapter/user_role/user_role.go:111.105,112.89 1 0
github.com/MamangRust/monolith-payment-gateway-pkg/adapter/user_role/user_role.go:112.89,117.3 1 0
github.com/MamangRust/monolith-payment-gateway-pkg/adapter/user_role/user_role.go:118.2,118.16 1 0
github.com/MamangRust/monolith-payment-gateway-pkg/adapter/user_role/user_role.go:118.16,120.3 1 0
github.com/MamangRust/monolith-payment-gateway-pkg/adapter/user_role/user_role.go:121.2,121.12 1 0
github.com/MamangRust/monolith-payment-gateway-pkg/adapter/user_role/user_role.go:124.59,125.17 1 0
github.com/MamangRust/monolith-payment-gateway-pkg/adapter/user_role/user_role.go:125.17,127.3 1 0
github.com/MamangRust/monolith-payment-gateway-pkg/adapter/user_role/user_role.go:128.2,133.3 1 0
github.com/MamangRust/monolith-payment-gateway-pkg/adapter/user_role/user_role.go:136.73,137.15 1 0
github.com/MamangRust/monolith-payment-gateway-pkg/adapter/user_role/user_role.go:137.15,139.3 1 0
github.com/MamangRust/monolith-payment-gateway-pkg/adapter/user_role/user_role.go:140.2,144.3 1 0
github.com/MamangRust/monolith-payment-gateway-pkg/adapter/user_role/user_role.go:147.36,148.13 1 0
github.com/MamangRust/monolith-payment-gateway-pkg/adapter/user_role/user_role.go:148.13,150.3 1 0
github.com/MamangRust/monolith-payment-gateway-pkg/adapter/user_role/user_role.go:151.2,151.89 1 0
github.com/MamangRust/monolith-payment-gateway-pkg/adapter/user_role/user_role.go:151.89,152.50 1 0
github.com/MamangRust/monolith-payment-gateway-pkg/adapter/user_role/user_role.go:152.50,154.4 1 0
github.com/MamangRust/monolith-payment-gateway-pkg/adapter/user_role/user_role.go:156.2,156.20 1 0
github.com/MamangRust/monolith-payment-gateway-pkg/api-key/apikey.go:10.39,13.16 3 1
github.com/MamangRust/monolith-payment-gateway-pkg/api-key/apikey.go:13.16,15.3 1 0
github.com/MamangRust/monolith-payment-gateway-pkg/api-key/apikey.go:16.2,16.37 1 1
github.com/MamangRust/monolith-payment-gateway-pkg/auth/mocks/token.go:31.69,35.2 3 0
github.com/MamangRust/monolith-payment-gateway-pkg/auth/mocks/token.go:38.67,40.2 1 0
github.com/MamangRust/monolith-payment-gateway-pkg/auth/mocks/token.go:43.87,49.2 5 0
github.com/MamangRust/monolith-payment-gateway-pkg/auth/mocks/token.go:52.90,55.2 2 0
github.com/MamangRust/monolith-payment-gateway-pkg/auth/mocks/token.go:58.78,64.2 5 0
github.com/MamangRust/monolith-payment-gateway-pkg/auth/mocks/token.go:67.85,70.2 2 0
github.com/MamangRust/monolith-payment-gateway-pkg/database/gorm.go:19.69,21.67 2 0
github.com/MamangRust/monolith-payment-gateway-pkg/database/gorm.go:21.67,24.3 2 0
github.com/MamangRust/monolith-payment-gateway-pkg/database/gorm.go:26.2,36.23 3 0
github.com/MamangRust/monolith-payment-gateway-pkg/database/gorm.go:36.23,38.3 1 0
github.com/MamangRust/monolith-payment-gateway-pkg/database/gorm.go:40.2,41.23 2 0
github.com/MamangRust/monolith-payment-gateway-pkg/database/gorm.go:41.23,43.3 1 0
github.com/MamangRust/monolith-payment-gateway-pkg/database/gorm.go:45.2,46.26 2 0
github.com/MamangRust/monolith-payment-gateway-pkg/database/gorm.go:46.26,48.3 1 0
github.com/MamangRust/monolith-payment-gateway-pkg/database/gorm.go:50.2,51.26 2 0
github.com/MamangRust/monolith-payment-gateway-pkg/database/gorm.go:51.26,53.3 1 0
github.com/MamangRust/monolith-payment-gateway-pkg/database/gorm.go:55.2,58.16 2 0
github.com/MamangRust/monolith-payment-gateway-pkg/database/gorm.go:58.16,61.3 2 0
github.com/MamangRust/monolith-payment-gateway-pkg/database/gorm.go:63.2,64.16 2 0
github.com/MamangRust/monolith-payment-gateway-pkg/database/gorm.go:64.16,67.3 2 0
github.com/MamangRust/monolith-payment-gateway-pkg/database/gorm.go:69.2,74.37 5 0
github.com/MamangRust/monolith-payment-gateway-pkg/database/gorm.go:74.37,77.3 2 0
github.com/MamangRust/monolith-payment-gateway-pkg/database/gorm.go:79.2,86.20 2 0
github.com/MamangRust/monolith-payment-gateway-pkg/database/gormerr/errors.go:11.39,13.2 1 0
github.com/MamangRust/monolith-payment-gateway-pkg/database/gormerr/errors.go:17.37,18.16 1 0
github.com/MamangRust/monolith-payment-gateway-pkg/database/gormerr/errors.go:18.16,20.3 1 0
github.com/MamangRust/monolith-payment-gateway-pkg/database/gormerr/errors.go:21.2,21.46 1 0
github.com/MamangRust/monolith-payment-gateway-pkg/auth/token.go:29.53,30.21 1 4
github.com/MamangRust/monolith-payment-gateway-pkg/auth/token.go:30.21,32.3 1 0
github.com/MamangRust/monolith-payment-gateway-pkg/auth/token.go:33.2,33.52 1 4
github.com/MamangRust/monolith-payment-gateway-pkg/auth/token.go:44.78,55.2 4 2
github.com/MamangRust/monolith-payment-gateway-pkg/auth/token.go:61.69,62.89 1 3
github.com/MamangRust/monolith-payment-gateway-pkg/auth/token.go:62.89,63.58 1 2
github.com/MamangRust/monolith-payment-gateway-pkg/auth/token.go:63.58,65.4 1 0
github.com/MamangRust/monolith-payment-gateway-pkg/auth/token.go:67.3,67.34 1 2
github.com/MamangRust/monolith-payment-gateway-pkg/auth/token.go:70.2,70.16 1 3
github.com/MamangRust/monolith-payment-gateway-pkg/auth/token.go:70.16,71.42 1 2
github.com/MamangRust/monolith-payment-gateway-pkg/auth/token.go:71.42,73.4 1 1
github.com/MamangRust/monolith-payment-gateway-pkg/auth/token.go:74.3,74.58 1 1
github.com/MamangRust/monolith-payment-gateway-pkg/auth/token.go:77.2,78.9 2 1
github.com/MamangRust/monolith-payment-gateway-pkg/auth/token.go:78.9,80.3 1 0
github.com/MamangRust/monolith-payment-gateway-pkg/auth/token.go:82.2,82.36 1 1
github.com/MamangRust/monolith-payment-gateway-pkg/database/gormtx/tx.go:14.82,15.65 1 0
github.com/MamangRust/monolith-payment-gateway-pkg/database/gormtx/tx.go:15.65,16.32 1 0
github.com/MamangRust/monolith-payment-gateway-pkg/database/gormtx/tx.go:16.32,18.4 1 0
github.com/MamangRust/monolith-payment-gateway-pkg/database/gormtx/tx.go:19.3,19.13 1 0
github.com/MamangRust/monolith-payment-gateway-pkg/database/models/models.go:24.32,24.50 1 0
github.com/MamangRust/monolith-payment-gateway-pkg/database/models/models.go:35.32,35.50 1 0
github.com/MamangRust/monolith-payment-gateway-pkg/database/models/models.go:47.36,47.59 1 0
github.com/MamangRust/monolith-payment-gateway-pkg/database/models/models.go:68.32,68.50 1 0
github.com/MamangRust/monolith-payment-gateway-pkg/database/models/models.go:84.36,84.58 1 0
github.com/MamangRust/monolith-payment-gateway-pkg/database/models/models.go:101.44,101.75 1 0
github.com/MamangRust/monolith-payment-gateway-pkg/database/models/models.go:115.33,115.52 1 0
github.com/MamangRust/monolith-payment-gateway-pkg/database/models/models.go:132.33,132.52 1 0
github.com/MamangRust/monolith-payment-gateway-pkg/database/models/models.go:151.39,151.64 1 0
github.com/MamangRust/monolith-payment-gateway-pkg/database/models/models.go:168.36,168.58 1 0
github.com/MamangRust/monolith-payment-gateway-pkg/database/models/models.go:184.36,184.58 1 0
github.com/MamangRust/monolith-payment-gateway-pkg/database/models/models.go:197.40,197.67 1 0
github.com/MamangRust/monolith-payment-gateway-pkg/database/models/models.go:207.38,207.63 1 0
github.com/MamangRust/monolith-payment-gateway-pkg/database/models/models.go:222.40,222.67 1 0
github.com/MamangRust/monolith-payment-gateway-pkg/database/models/models.go:241.47,241.82 1 0
github.com/MamangRust/monolith-payment-gateway-pkg/database/models/models.go:257.39,257.65 1 0
github.com/MamangRust/monolith-payment-gateway-pkg/database/models/models.go:272.38,272.63 1 0
github.com/MamangRust/monolith-payment-gateway-pkg/database/models/models.go:292.39,292.65 1 0
github.com/MamangRust/monolith-payment-gateway-pkg/database/models/models.go:312.41,312.68 1 0
github.com/MamangRust/monolith-payment-gateway-pkg/database/models/models.go:325.40,325.68 1 0
github.com/MamangRust/monolith-payment-gateway-pkg/database/seeder/card.go:24.97,30.2 1 0
github.com/MamangRust/monolith-payment-gateway-pkg/database/seeder/card.go:39.35,48.34 7 0
github.com/MamangRust/monolith-payment-gateway-pkg/database/seeder/card.go:48.34,50.17 2 0
github.com/MamangRust/monolith-payment-gateway-pkg/database/seeder/card.go:50.17,53.4 2 0
github.com/MamangRust/monolith-payment-gateway-pkg/database/seeder/card.go:54.3,54.30 1 0
github.com/MamangRust/monolith-payment-gateway-pkg/database/seeder/card.go:57.2,57.34 1 0
github.com/MamangRust/monolith-payment-gateway-pkg/database/seeder/card.go:57.34,67.68 2 0
github.com/MamangRust/monolith-payment-gateway-pkg/database/seeder/card.go:67.68,70.4 2 0
github.com/MamangRust/monolith-payment-gateway-pkg/database/seeder/card.go:72.3,72.23 1 0
github.com/MamangRust/monolith-payment-gateway-pkg/database/seeder/card.go:72.23,73.69 1 0
github.com/MamangRust/monolith-payment-gateway-pkg/database/seeder/card.go:73.69,76.5 2 0
github.com/MamangRust/monolith-payment-gateway-pkg/database/seeder/card.go:80.2,81.12 2 0
github.com/MamangRust/monolith-payment-gateway-pkg/database/seeder/merchant.go:31.105,37.2 1 0
github.com/MamangRust/monolith-payment-gateway-pkg/database/seeder/merchant.go:46.39,54.38 6 0
github.com/MamangRust/monolith-payment-gateway-pkg/database/seeder/merchant.go:54.38,67.72 6 0
github.com/MamangRust/monolith-payment-gateway-pkg/database/seeder/merchant.go:67.72,70.4 2 0
github.com/MamangRust/monolith-payment-gateway-pkg/database/seeder/merchant.go:72.3,73.26 2 0
github.com/MamangRust/monolith-payment-gateway-pkg/database/seeder/merchant.go:73.26,75.4 1 0
github.com/MamangRust/monolith-payment-gateway-pkg/database/seeder/merchant.go:75.9,77.4 1 0
github.com/MamangRust/monolith-payment-gateway-pkg/database/seeder/merchant.go:79.3,79.96 1 0
github.com/MamangRust/monolith-payment-gateway-pkg/database/seeder/merchant.go:79.96,82.4 2 0
github.com/MamangRust/monolith-payment-gateway-pkg/database/seeder/merchant.go:84.3,84.27 1 0
github.com/MamangRust/monolith-payment-gateway-pkg/database/seeder/merchant.go:84.27,85.73 1 0
github.com/MamangRust/monolith-payment-gateway-pkg/database/seeder/merchant.go:85.73,88.5 2 0
github.com/MamangRust/monolith-payment-gateway-pkg/database/seeder/merchant.go:92.2,97.12 2 0
github.com/MamangRust/monolith-payment-gateway-pkg/database/seeder/role.go:30.97,36.2 1 0
github.com/MamangRust/monolith-payment-gateway-pkg/database/seeder/role.go:58.35,74.39 3 0
github.com/MamangRust/monolith-payment-gateway-pkg/database/seeder/role.go:74.39,79.68 2 0
github.com/MamangRust/monolith-payment-gateway-pkg/database/seeder/role.go:79.68,82.4 2 0
github.com/MamangRust/monolith-payment-gateway-pkg/database/seeder/role.go:85.2,86.12 2 0
github.com/MamangRust/monolith-payment-gateway-pkg/database/seeder/saldo.go:31.99,37.2 1 0
github.com/MamangRust/monolith-payment-gateway-pkg/database/seeder/saldo.go:49.36,55.36 5 0
github.com/MamangRust/monolith-payment-gateway-pkg/database/seeder/saldo.go:55.36,57.92 2 0
github.com/MamangRust/monolith-payment-gateway-pkg/database/seeder/saldo.go:57.92,58.37 1 0
github.com/MamangRust/monolith-payment-gateway-pkg/database/seeder/saldo.go:58.37,60.13 2 0
github.com/MamangRust/monolith-payment-gateway-pkg/database/seeder/saldo.go:62.4,63.67 2 0
github.com/MamangRust/monolith-payment-gateway-pkg/database/seeder/saldo.go:65.3,65.30 1 0
github.com/MamangRust/monolith-payment-gateway-pkg/database/seeder/saldo.go:68.2,68.30 1 0
github.com/MamangRust/monolith-payment-gateway-pkg/database/seeder/saldo.go:68.30,71.3 2 0
github.com/MamangRust/monolith-payment-gateway-pkg/database/seeder/saldo.go:73.2,73.29 1 0
github.com/MamangRust/monolith-payment-gateway-pkg/database/seeder/saldo.go:73.29,79.69 2 0
github.com/MamangRust/monolith-payment-gateway-pkg/database/seeder/saldo.go:79.69,82.4 2 0
github.com/MamangRust/monolith-payment-gateway-pkg/database/seeder/saldo.go:84.3,84.24 1 0
github.com/MamangRust/monolith-payment-gateway-pkg/database/seeder/saldo.go:84.24,85.70 1 0
github.com/MamangRust/monolith-payment-gateway-pkg/database/seeder/saldo.go:85.70,88.5 2 0
github.com/MamangRust/monolith-payment-gateway-pkg/database/seeder/saldo.go:92.2,97.12 2 0
github.com/MamangRust/monolith-payment-gateway-pkg/database/seeder/seed.go:49.35,61.2 1 0
github.com/MamangRust/monolith-payment-gateway-pkg/database/seeder/seed.go:82.30,83.62 1 0
github.com/MamangRust/monolith-payment-gateway-pkg/database/seeder/seed.go:83.62,85.3 1 0
github.com/MamangRust/monolith-payment-gateway-pkg/database/seeder/seed.go:87.2,87.62 1 0
github.com/MamangRust/monolith-payment-gateway-pkg/database/seeder/seed.go:87.62,89.3 1 0
github.com/MamangRust/monolith-payment-gateway-pkg/database/seeder/seed.go:91.2,91.62 1 0
github.com/MamangRust/monolith-payment-gateway-pkg/database/seeder/seed.go:91.62,93.3 1 0
github.com/MamangRust/monolith-payment-gateway-pkg/database/seeder/seed.go:95.2,95.63 1 0
github.com/MamangRust/monolith-payment-gateway-pkg/database/seeder/seed.go:95.63,97.3 1 0
github.com/MamangRust/monolith-payment-gateway-pkg/database/seeder/seed.go:99.2,99.64 1 0
github.com/MamangRust/monolith-payment-gateway-pkg/database/seeder/seed.go:99.64,101.3 1 0
github.com/MamangRust/monolith-payment-gateway-pkg/database/seeder/seed.go:103.2,103.72 1 0
github.com/MamangRust/monolith-payment-gateway-pkg/database/seeder/seed.go:103.72,105.3 1 0
github.com/MamangRust/monolith-payment-gateway-pkg/database/seeder/seed.go:107.2,107.70 1 0
github.com/MamangRust/monolith-payment-gateway-pkg/database/seeder/seed.go:107.70,109.3 1 0
github.com/MamangRust/monolith-payment-gateway-pkg/database/seeder/seed.go:111.2,111.70 1 0
github.com/MamangRust/monolith-payment-gateway-pkg/database/seeder/seed.go:111.70,113.3 1 0
github.com/MamangRust/monolith-payment-gateway-pkg/database/seeder/seed.go:115.2,115.76 1 0
github.com/MamangRust/monolith-payment-gateway-pkg/database/seeder/seed.go:115.76,117.3 1 0
github.com/MamangRust/monolith-payment-gateway-pkg/database/seeder/seed.go:119.2,119.12 1 0
github.com/MamangRust/monolith-payment-gateway-pkg/database/seeder/seed.go:136.80,137.35 1 0
github.com/MamangRust/monolith-payment-gateway-pkg/database/seeder/seed.go:137.35,139.3 1 0
github.com/MamangRust/monolith-payment-gateway-pkg/database/seeder/seed.go:141.2,142.12 2 0
github.com/MamangRust/monolith-payment-gateway-pkg/database/seeder/topup.go:32.99,38.2 1 0
github.com/MamangRust/monolith-payment-gateway-pkg/database/seeder/topup.go:51.36,58.36 5 0
github.com/MamangRust/monolith-payment-gateway-pkg/database/seeder/topup.go:58.36,60.92 2 0
github.com/MamangRust/monolith-payment-gateway-pkg/database/seeder/topup.go:60.92,61.37 1 0
github.com/MamangRust/monolith-payment-gateway-pkg/database/seeder/topup.go:61.37,63.13 2 0
github.com/MamangRust/monolith-payment-gateway-pkg/database/seeder/topup.go:65.4,66.67 2 0
github.com/MamangRust/monolith-payment-gateway-pkg/database/seeder/topup.go:68.3,68.30 1 0
github.com/MamangRust/monolith-payment-gateway-pkg/database/seeder/topup.go:71.2,71.30 1 0
github.com/MamangRust/monolith-payment-gateway-pkg/database/seeder/topup.go:71.30,74.3 2 0
github.com/MamangRust/monolith-payment-gateway-pkg/database/seeder/topup.go:76.2,81.26 5 0
github.com/MamangRust/monolith-payment-gateway-pkg/database/seeder/topup.go:81.26,83.3 1 0
github.com/MamangRust/monolith-payment-gateway-pkg/database/seeder/topup.go:85.2,85.35 1 0
github.com/MamangRust/monolith-payment-gateway-pkg/database/seeder/topup.go:85.35,99.69 6 0
github.com/MamangRust/monolith-payment-gateway-pkg/database/seeder/topup.go:99.69,102.4 2 0
github.com/MamangRust/monolith-payment-gateway-pkg/database/seeder/topup.go:104.3,105.93 2 0
github.com/MamangRust/monolith-payment-gateway-pkg/database/seeder/topup.go:105.93,108.4 2 0
github.com/MamangRust/monolith-payment-gateway-pkg/database/seeder/topup.go:110.3,110.24 1 0
github.com/MamangRust/monolith-payment-gateway-pkg/database/seeder/topup.go:110.24,111.70 1 0
github.com/MamangRust/monolith-payment-gateway-pkg/database/seeder/topup.go:111.70,114.5 2 0
github.com/MamangRust/monolith-payment-gateway-pkg/database/seeder/topup.go:118.2,119.12 2 0
github.com/MamangRust/monolith-payment-gateway-pkg/database/seeder/transaction.go:32.111,38.2 1 0
github.com/MamangRust/monolith-payment-gateway-pkg/database/seeder/transaction.go:51.42,60.30 7 0
github.com/MamangRust/monolith-payment-gateway-pkg/database/seeder/transaction.go:60.30,62.92 2 0
github.com/MamangRust/monolith-payment-gateway-pkg/database/seeder/transaction.go:62.92,63.37 1 0
github.com/MamangRust/monolith-payment-gateway-pkg/database/seeder/transaction.go:63.37,65.13 2 0
github.com/MamangRust/monolith-payment-gateway-pkg/database/seeder/transaction.go:67.4,68.67 2 0
github.com/MamangRust/monolith-payment-gateway-pkg/database/seeder/transaction.go:70.3,70.30 1 0
github.com/MamangRust/monolith-payment-gateway-pkg/database/seeder/transaction.go:73.2,73.24 1 0
github.com/MamangRust/monolith-payment-gateway-pkg/database/seeder/transaction.go:73.24,76.3 2 0
github.com/MamangRust/monolith-payment-gateway-pkg/database/seeder/transaction.go:78.2,79.84 2 0
github.com/MamangRust/monolith-payment-gateway-pkg/database/seeder/transaction.go:79.84,82.3 2 0
github.com/MamangRust/monolith-payment-gateway-pkg/database/seeder/transaction.go:84.2,84.28 1 0
github.com/MamangRust/monolith-payment-gateway-pkg/database/seeder/transaction.go:84.28,87.3 2 0
github.com/MamangRust/monolith-payment-gateway-pkg/database/seeder/transaction.go:89.2,91.26 3 0
github.com/MamangRust/monolith-payment-gateway-pkg/database/seeder/transaction.go:91.26,93.3 1 0
github.com/MamangRust/monolith-payment-gateway-pkg/database/seeder/transaction.go:95.2,95.29 1 0
github.com/MamangRust/monolith-payment-gateway-pkg/database/seeder/transaction.go:95.29,112.75 8 0
github.com/MamangRust/monolith-payment-gateway-pkg/database/seeder/transaction.go:112.75,115.4 2 0
github.com/MamangRust/monolith-payment-gateway-pkg/database/seeder/transaction.go:117.3,117.99 1 0
github.com/MamangRust/monolith-payment-gateway-pkg/database/seeder/transaction.go:117.99,120.4 2 0
github.com/MamangRust/monolith-payment-gateway-pkg/database/seeder/transaction.go:122.3,122.18 1 0
github.com/MamangRust/monolith-payment-gateway-pkg/database/seeder/transaction.go:122.18,123.76 1 0
github.com/MamangRust/monolith-payment-gateway-pkg/database/seeder/transaction.go:123.76,126.5 2 0
github.com/MamangRust/monolith-payment-gateway-pkg/database/seeder/transaction.go:130.2,131.12 2 0
github.com/MamangRust/monolith-payment-gateway-pkg/database/seeder/transfer.go:32.105,38.2 1 0
github.com/MamangRust/monolith-payment-gateway-pkg/database/seeder/transfer.go:52.39,58.30 5 0
github.com/MamangRust/monolith-payment-gateway-pkg/database/seeder/transfer.go:58.30,60.92 2 0
github.com/MamangRust/monolith-payment-gateway-pkg/database/seeder/transfer.go:60.92,61.37 1 0
github.com/MamangRust/monolith-payment-gateway-pkg/database/seeder/transfer.go:61.37,63.13 2 0
github.com/MamangRust/monolith-payment-gateway-pkg/database/seeder/transfer.go:65.4,66.12 2 0
github.com/MamangRust/monolith-payment-gateway-pkg/database/seeder/transfer.go:68.3,68.30 1 0
github.com/MamangRust/monolith-payment-gateway-pkg/database/seeder/transfer.go:71.2,71.20 1 0
github.com/MamangRust/monolith-payment-gateway-pkg/database/seeder/transfer.go:71.20,74.3 2 0
github.com/MamangRust/monolith-payment-gateway-pkg/database/seeder/transfer.go:76.2,80.26 4 0
github.com/MamangRust/monolith-payment-gateway-pkg/database/seeder/transfer.go:80.26,82.3 1 0
github.com/MamangRust/monolith-payment-gateway-pkg/database/seeder/transfer.go:84.2,84.29 1 0
github.com/MamangRust/monolith-payment-gateway-pkg/database/seeder/transfer.go:84.29,87.28 3 0
github.com/MamangRust/monolith-payment-gateway-pkg/database/seeder/transfer.go:87.28,89.4 1 0
github.com/MamangRust/monolith-payment-gateway-pkg/database/seeder/transfer.go:91.3,107.72 8 0
github.com/MamangRust/monolith-payment-gateway-pkg/database/seeder/transfer.go:107.72,110.4 2 0
github.com/MamangRust/monolith-payment-gateway-pkg/database/seeder/transfer.go:112.3,112.18 1 0
github.com/MamangRust/monolith-payment-gateway-pkg/database/seeder/transfer.go:112.18,113.73 1 0
github.com/MamangRust/monolith-payment-gateway-pkg/database/seeder/transfer.go:113.73,116.5 2 0
github.com/MamangRust/monolith-payment-gateway-pkg/database/seeder/transfer.go:120.2,125.12 2 0
github.com/MamangRust/monolith-payment-gateway-pkg/database/seeder/user.go:35.121,42.2 1 0
github.com/MamangRust/monolith-payment-gateway-pkg/database/seeder/user.go:56.35,74.35 5 0
github.com/MamangRust/monolith-payment-gateway-pkg/database/seeder/user.go:74.35,78.17 3 0
github.com/MamangRust/monolith-payment-gateway-pkg/database/seeder/user.go:78.17,81.4 2 0
github.com/MamangRust/monolith-payment-gateway-pkg/database/seeder/user.go:83.3,94.68 3 0
github.com/MamangRust/monolith-payment-gateway-pkg/database/seeder/user.go:94.68,97.4 2 0
github.com/MamangRust/monolith-payment-gateway-pkg/database/seeder/user.go:99.3,101.103 3 0
github.com/MamangRust/monolith-payment-gateway-pkg/database/seeder/user.go:101.103,104.4 2 0
github.com/MamangRust/monolith-payment-gateway-pkg/database/seeder/user.go:106.3,110.72 2 0
github.com/MamangRust/monolith-payment-gateway-pkg/database/seeder/user.go:110.72,113.4 2 0
github.com/MamangRust/monolith-payment-gateway-pkg/database/seeder/user.go:115.3,115.22 1 0
github.com/MamangRust/monolith-payment-gateway-pkg/database/seeder/user.go:115.22,116.69 1 0
github.com/MamangRust/monolith-payment-gateway-pkg/database/seeder/user.go:116.69,119.5 2 0
github.com/MamangRust/monolith-payment-gateway-pkg/database/seeder/user.go:123.2,125.12 2 0
github.com/MamangRust/monolith-payment-gateway-pkg/database/seeder/withdraw.go:32.105,38.2 1 0
github.com/MamangRust/monolith-payment-gateway-pkg/database/seeder/withdraw.go:52.39,58.30 5 0
github.com/MamangRust/monolith-payment-gateway-pkg/database/seeder/withdraw.go:58.30,60.92 2 0
github.com/MamangRust/monolith-payment-gateway-pkg/database/seeder/withdraw.go:60.92,61.37 1 0
github.com/MamangRust/monolith-payment-gateway-pkg/database/seeder/withdraw.go:61.37,63.13 2 0
github.com/MamangRust/monolith-payment-gateway-pkg/database/seeder/withdraw.go:65.4,66.12 2 0
github.com/MamangRust/monolith-payment-gateway-pkg/database/seeder/withdraw.go:68.3,68.30 1 0
github.com/MamangRust/monolith-payment-gateway-pkg/database/seeder/withdraw.go:71.2,71.24 1 0
github.com/MamangRust/monolith-payment-gateway-pkg/database/seeder/withdraw.go:71.24,74.3 2 0
github.com/MamangRust/monolith-payment-gateway-pkg/database/seeder/withdraw.go:76.2,80.26 4 0
github.com/MamangRust/monolith-payment-gateway-pkg/database/seeder/withdraw.go:80.26,82.3 1 0
github.com/MamangRust/monolith-payment-gateway-pkg/database/seeder/withdraw.go:84.2,84.29 1 0
github.com/MamangRust/monolith-payment-gateway-pkg/database/seeder/withdraw.go:84.29,97.72 6 0
github.com/MamangRust/monolith-payment-gateway-pkg/database/seeder/withdraw.go:97.72,100.4 2 0
github.com/MamangRust/monolith-payment-gateway-pkg/database/seeder/withdraw.go:102.3,102.96 1 0
github.com/MamangRust/monolith-payment-gateway-pkg/database/seeder/withdraw.go:102.96,105.4 2 0
github.com/MamangRust/monolith-payment-gateway-pkg/database/seeder/withdraw.go:107.3,107.18 1 0
github.com/MamangRust/monolith-payment-gateway-pkg/database/seeder/withdraw.go:107.18,108.73 1 0
github.com/MamangRust/monolith-payment-gateway-pkg/database/seeder/withdraw.go:108.73,111.5 2 0
github.com/MamangRust/monolith-payment-gateway-pkg/database/seeder/withdraw.go:115.2,120.12 2 0
github.com/MamangRust/monolith-payment-gateway-pkg/dotenv/dotenv.go:24.20,26.15 2 0
github.com/MamangRust/monolith-payment-gateway-pkg/dotenv/dotenv.go:26.15,28.3 1 0
github.com/MamangRust/monolith-payment-gateway-pkg/dotenv/dotenv.go:30.2,33.13 3 0
github.com/MamangRust/monolith-payment-gateway-pkg/dotenv/dotenv.go:34.16,35.33 1 0
github.com/MamangRust/monolith-payment-gateway-pkg/dotenv/dotenv.go:36.20,37.37 1 0
github.com/MamangRust/monolith-payment-gateway-pkg/dotenv/dotenv.go:38.28,39.24 1 0
github.com/MamangRust/monolith-payment-gateway-pkg/dotenv/dotenv.go:40.10,41.22 1 0
github.com/MamangRust/monolith-payment-gateway-pkg/dotenv/dotenv.go:44.2,46.19 2 0
github.com/MamangRust/monolith-payment-gateway-pkg/dotenv/dotenv.go:46.19,50.17 3 0
github.com/MamangRust/monolith-payment-gateway-pkg/dotenv/dotenv.go:50.17,52.4 1 0
github.com/MamangRust/monolith-payment-gateway-pkg/dotenv/dotenv.go:55.2,55.12 1 0
github.com/MamangRust/monolith-payment-gateway-pkg/email/email.go:20.55,115.16 3 0
github.com/MamangRust/monolith-payment-gateway-pkg/email/email.go:115.16,117.3 1 0
github.com/MamangRust/monolith-payment-gateway-pkg/email/email.go:119.2,120.49 2 0
github.com/MamangRust/monolith-payment-gateway-pkg/email/email.go:120.49,122.3 1 0
github.com/MamangRust/monolith-payment-gateway-pkg/email/email.go:124.2,124.21 1 0
github.com/MamangRust/monolith-payment-gateway-pkg/date/date.go:11.37,16.2 4 1
github.com/MamangRust/monolith-payment-gateway-pkg/hash/mocks/hash.go:31.69,35.2 3 0
github.com/MamangRust/monolith-payment-gateway-pkg/hash/mocks/hash.go:38.67,40.2 1 0
github.com/MamangRust/monolith-payment-gateway-pkg/hash/mocks/hash.go:43.81,48.2 4 0
github.com/MamangRust/monolith-payment-gateway-pkg/hash/mocks/hash.go:51.98,54.2 2 0
github.com/MamangRust/monolith-payment-gateway-pkg/hash/mocks/hash.go:57.74,63.2 5 0
github.com/MamangRust/monolith-payment-gateway-pkg/hash/mocks/hash.go:66.81,69.2 2 0
github.com/MamangRust/monolith-payment-gateway-pkg/emailretry/retry.go:66.57,75.2 1 3
github.com/MamangRust/monolith-payment-gateway-pkg/emailretry/retry.go:78.60,81.2 2 1
github.com/MamangRust/monolith-payment-gateway-pkg/emailretry/retry.go:84.64,85.16 1 4
github.com/MamangRust/monolith-payment-gateway-pkg/emailretry/retry.go:85.16,87.3 1 1
github.com/MamangRust/monolith-payment-gateway-pkg/emailretry/retry.go:88.2,89.32 2 3
github.com/MamangRust/monolith-payment-gateway-pkg/emailretry/retry.go:89.32,90.15 1 7
github.com/MamangRust/monolith-payment-gateway-pkg/emailretry/retry.go:90.15,92.4 1 7
github.com/MamangRust/monolith-payment-gateway-pkg/emailretry/retry.go:95.2,96.25 2 3
github.com/MamangRust/monolith-payment-gateway-pkg/emailretry/retry.go:96.25,98.3 1 2
github.com/MamangRust/monolith-payment-gateway-pkg/emailretry/retry.go:99.2,100.16 2 1
github.com/MamangRust/monolith-payment-gateway-pkg/emailretry/retry.go:100.16,102.3 1 0
github.com/MamangRust/monolith-payment-gateway-pkg/emailretry/retry.go:103.2,106.16 3 1
github.com/MamangRust/monolith-payment-gateway-pkg/emailretry/retry.go:106.16,108.3 1 0
github.com/MamangRust/monolith-payment-gateway-pkg/emailretry/retry.go:109.2,112.16 3 1
github.com/MamangRust/monolith-payment-gateway-pkg/emailretry/retry.go:112.16,114.3 1 0
github.com/MamangRust/monolith-payment-gateway-pkg/emailretry/retry.go:115.2,118.16 3 1
github.com/MamangRust/monolith-payment-gateway-pkg/emailretry/retry.go:118.16,120.3 1 0
github.com/MamangRust/monolith-payment-gateway-pkg/emailretry/retry.go:121.2,124.68 3 1
github.com/MamangRust/monolith-payment-gateway-pkg/emailretry/retry.go:124.68,126.3 1 0
github.com/MamangRust/monolith-payment-gateway-pkg/emailretry/retry.go:127.2,127.18 1 1
github.com/MamangRust/monolith-payment-gateway-pkg/emailretry/retry.go:132.61,133.15 1 5
github.com/MamangRust/monolith-payment-gateway-pkg/emailretry/retry.go:133.15,135.3 1 1
github.com/MamangRust/monolith-payment-gateway-pkg/emailretry/retry.go:136.2,136.17 1 5
github.com/MamangRust/monolith-payment-gateway-pkg/emailretry/retry.go:136.17,138.3 1 0
github.com/MamangRust/monolith-payment-gateway-pkg/emailretry/retry.go:139.2,140.20 2 5
github.com/MamangRust/monolith-payment-gateway-pkg/emailretry/retry.go:140.20,142.3 1 1
github.com/MamangRust/monolith-payment-gateway-pkg/emailretry/retry.go:143.2,143.10 1 4
github.com/MamangRust/monolith-payment-gateway-pkg/emailretry/retry.go:147.61,149.2 1 1
github.com/MamangRust/monolith-payment-gateway-pkg/logger/logger.go:33.93,36.17 2 0
github.com/MamangRust/monolith-payment-gateway-pkg/logger/logger.go:36.17,72.3 6 0
github.com/MamangRust/monolith-payment-gateway-pkg/logger/logger.go:74.2,74.27 1 0
github.com/MamangRust/monolith-payment-gateway-pkg/logger/logger.go:77.60,79.2 1 0
github.com/MamangRust/monolith-payment-gateway-pkg/logger/logger.go:81.61,83.2 1 0
github.com/MamangRust/monolith-payment-gateway-pkg/logger/logger.go:85.61,87.2 1 0
github.com/MamangRust/monolith-payment-gateway-pkg/logger/logger.go:89.61,91.2 1 0
github.com/MamangRust/monolith-payment-gateway-pkg/logger/logger.go:93.60,95.2 1 0
github.com/MamangRust/monolith-payment-gateway-pkg/logger/logger.go:97.83,99.2 1 0
github.com/MamangRust/monolith-payment-gateway-pkg/logger/logger.go:101.60,103.2 1 0
github.com/MamangRust/monolith-payment-gateway-pkg/logger/logger.go:105.31,107.2 1 0
github.com/MamangRust/monolith-payment-gateway-pkg/logger/logger.go:109.36,111.2 1 0
github.com/MamangRust/monolith-payment-gateway-pkg/logger/logger.go:113.22,116.2 2 0
github.com/MamangRust/monolith-payment-gateway-pkg/event/event.go:31.69,41.2 1 10
github.com/MamangRust/monolith-payment-gateway-pkg/event/event.go:44.75,46.2 1 3
github.com/MamangRust/monolith-payment-gateway-pkg/event/event.go:51.39,58.2 1 8
github.com/MamangRust/monolith-payment-gateway-pkg/logger/mocks/logger.go:32.75,36.2 3 0
github.com/MamangRust/monolith-payment-gateway-pkg/logger/mocks/logger.go:39.73,41.2 1 0
github.com/MamangRust/monolith-payment-gateway-pkg/logger/mocks/logger.go:44.74,47.27 3 0
github.com/MamangRust/monolith-payment-gateway-pkg/logger/mocks/logger.go:47.27,49.3 1 0
github.com/MamangRust/monolith-payment-gateway-pkg/logger/mocks/logger.go:50.2,50.37 1 0
github.com/MamangRust/monolith-payment-gateway-pkg/logger/mocks/logger.go:54.91,58.2 3 0
github.com/MamangRust/monolith-payment-gateway-pkg/logger/mocks/logger.go:61.74,64.27 3 0
github.com/MamangRust/monolith-payment-gateway-pkg/logger/mocks/logger.go:64.27,66.3 1 0
github.com/MamangRust/monolith-payment-gateway-pkg/logger/mocks/logger.go:67.2,67.37 1 0
github.com/MamangRust/monolith-payment-gateway-pkg/logger/mocks/logger.go:71.91,75.2 3 0
github.com/MamangRust/monolith-payment-gateway-pkg/logger/mocks/logger.go:78.74,81.27 3 0
github.com/MamangRust/monolith-payment-gateway-pkg/logger/mocks/logger.go:81.27,83.3 1 0
github.com/MamangRust/monolith-payment-gateway-pkg/logger/mocks/logger.go:84.2,84.37 1 0
github.com/MamangRust/monolith-payment-gateway-pkg/logger/mocks/logger.go:88.91,92.2 3 0
github.com/MamangRust/monolith-payment-gateway-pkg/logger/mocks/logger.go:95.73,98.27 3 0
github.com/MamangRust/monolith-payment-gateway-pkg/logger/mocks/logger.go:98.27,100.3 1 0
github.com/MamangRust/monolith-payment-gateway-pkg/logger/mocks/logger.go:101.2,101.36 1 0
github.com/MamangRust/monolith-payment-gateway-pkg/logger/mocks/logger.go:105.90,109.2 3 0
github.com/MamangRust/monolith-payment-gateway-pkg/middleware/context.go:23.33,26.2 2 0
github.com/MamangRust/monolith-payment-gateway-pkg/middleware/context.go:28.68,30.2 1 0
github.com/MamangRust/monolith-payment-gateway-pkg/middleware/context.go:32.44,33.51 1 0
github.com/MamangRust/monolith-payment-gateway-pkg/middleware/context.go:33.51,35.3 1 0
github.com/MamangRust/monolith-payment-gateway-pkg/middleware/context.go:36.2,36.11 1 0
github.com/MamangRust/monolith-payment-gateway-pkg/middleware/context.go:39.70,41.2 1 0
github.com/MamangRust/monolith-payment-gateway-pkg/middleware/context.go:43.47,44.54 1 0
github.com/MamangRust/monolith-payment-gateway-pkg/middleware/context.go:44.54,46.3 1 0
github.com/MamangRust/monolith-payment-gateway-pkg/middleware/context.go:47.2,47.20 1 0
github.com/MamangRust/monolith-payment-gateway-pkg/middleware/context.go:50.69,52.2 1 0
github.com/MamangRust/monolith-payment-gateway-pkg/middleware/context.go:54.41,55.48 1 0
github.com/MamangRust/monolith-payment-gateway-pkg/middleware/context.go:55.48,57.3 1 0
github.com/MamangRust/monolith-payment-gateway-pkg/middleware/context.go:58.2,58.11 1 0
github.com/MamangRust/monolith-payment-gateway-pkg/middleware/context.go:61.75,63.2 1 0
github.com/MamangRust/monolith-payment-gateway-pkg/middleware/context.go:65.44,66.51 1 0
github.com/MamangRust/monolith-payment-gateway-pkg/middleware/context.go:66.51,68.3 1 0
github.com/MamangRust/monolith-payment-gateway-pkg/middleware/context.go:69.2,69.11 1 0
github.com/MamangRust/monolith-payment-gateway-pkg/middleware/context.go:72.106,73.128 1 0
github.com/MamangRust/monolith-payment-gateway-pkg/middleware/context.go:73.128,93.3 9 0
github.com/MamangRust/monolith-payment-gateway-pkg/middleware/pyroscope.go:10.62,16.25 1 0
github.com/MamangRust/monolith-payment-gateway-pkg/middleware/pyroscope.go:16.25,22.32 3 0
github.com/MamangRust/monolith-payment-gateway-pkg/middleware/pyroscope.go:22.32,24.4 1 0
github.com/MamangRust/monolith-payment-gateway-pkg/middleware/pyroscope.go:26.3,26.19 1 0
github.com/MamangRust/monolith-payment-gateway-pkg/middleware/recover.go:14.84,20.34 1 0
github.com/MamangRust/monolith-payment-gateway-pkg/middleware/recover.go:20.34,21.16 1 0
github.com/MamangRust/monolith-payment-gateway-pkg/middleware/recover.go:21.16,22.32 1 0
github.com/MamangRust/monolith-payment-gateway-pkg/middleware/recover.go:22.32,30.5 2 0
github.com/MamangRust/monolith-payment-gateway-pkg/middleware/recover.go:33.3,33.27 1 0
github.com/MamangRust/monolith-payment-gateway-pkg/middleware/resilience.go:18.144,24.2 1 0
github.com/MamangRust/monolith-payment-gateway-pkg/middleware/resilience.go:26.81,27.128 1 0
github.com/MamangRust/monolith-payment-gateway-pkg/middleware/resilience.go:27.128,30.33 2 0
github.com/MamangRust/monolith-payment-gateway-pkg/middleware/resilience.go:30.33,32.4 1 0
github.com/MamangRust/monolith-payment-gateway-pkg/middleware/resilience.go:34.3,34.38 1 0
github.com/MamangRust/monolith-payment-gateway-pkg/middleware/resilience.go:34.38,36.4 1 0
github.com/MamangRust/monolith-payment-gateway-pkg/middleware/resilience.go:38.3,40.27 2 0
github.com/MamangRust/monolith-payment-gateway-pkg/otel/otel.go:42.45,43.40 1 0
github.com/MamangRust/monolith-payment-gateway-pkg/otel/otel.go:43.40,45.3 1 0
github.com/MamangRust/monolith-payment-gateway-pkg/otel/otel.go:47.2,49.3 1 0
github.com/MamangRust/monolith-payment-gateway-pkg/otel/otel.go:52.53,53.23 1 0
github.com/MamangRust/monolith-payment-gateway-pkg/otel/otel.go:53.23,62.3 4 0
github.com/MamangRust/monolith-payment-gateway-pkg/otel/otel.go:64.2,64.42 1 0
github.com/MamangRust/monolith-payment-gateway-pkg/otel/otel.go:64.42,66.3 1 0
github.com/MamangRust/monolith-payment-gateway-pkg/otel/otel.go:68.2,68.41 1 0
github.com/MamangRust/monolith-payment-gateway-pkg/otel/otel.go:68.41,70.3 1 0
github.com/MamangRust/monolith-payment-gateway-pkg/otel/otel.go:72.2,72.42 1 0
github.com/MamangRust/monolith-payment-gateway-pkg/otel/otel.go:72.42,74.3 1 0
github.com/MamangRust/monolith-payment-gateway-pkg/otel/otel.go:76.2,76.35 1 0
github.com/MamangRust/monolith-payment-gateway-pkg/otel/otel.go:76.35,77.48 1 0
github.com/MamangRust/monolith-payment-gateway-pkg/otel/otel.go:77.48,79.4 1 0
github.com/MamangRust/monolith-payment-gateway-pkg/otel/otel.go:79.9,81.4 1 0
github.com/MamangRust/monolith-payment-gateway-pkg/otel/otel.go:84.2,84.12 1 0
github.com/MamangRust/monolith-payment-gateway-pkg/otel/otel.go:87.59,89.16 2 0
github.com/MamangRust/monolith-payment-gateway-pkg/otel/otel.go:89.16,91.3 1 0
github.com/MamangRust/monolith-payment-gateway-pkg/otel/otel.go:93.2,94.16 2 0
github.com/MamangRust/monolith-payment-gateway-pkg/otel/otel.go:94.16,96.3 1 0
github.com/MamangRust/monolith-payment-gateway-pkg/otel/otel.go:98.2,111.12 5 0
github.com/MamangRust/monolith-payment-gateway-pkg/otel/otel.go:114.58,116.16 2 0
github.com/MamangRust/monolith-payment-gateway-pkg/otel/otel.go:116.16,118.3 1 0
github.com/MamangRust/monolith-payment-gateway-pkg/otel/otel.go:120.2,121.16 2 0
github.com/MamangRust/monolith-payment-gateway-pkg/otel/otel.go:121.16,123.3 1 0
github.com/MamangRust/monolith-payment-gateway-pkg/otel/otel.go:125.2,133.12 4 0
github.com/MamangRust/monolith-payment-gateway-pkg/otel/otel.go:136.59,138.16 2 0
github.com/MamangRust/monolith-payment-gateway-pkg/otel/otel.go:138.16,140.3 1 0
github.com/MamangRust/monolith-payment-gateway-pkg/otel/otel.go:142.2,143.16 2 0
github.com/MamangRust/monolith-payment-gateway-pkg/otel/otel.go:143.16,145.3 1 0
github.com/MamangRust/monolith-payment-gateway-pkg/otel/otel.go:147.2,154.12 3 0
github.com/MamangRust/monolith-payment-gateway-pkg/otel/otel.go:157.48,161.16 2 0
github.com/MamangRust/monolith-payment-gateway-pkg/otel/otel.go:161.16,163.3 1 0
github.com/MamangRust/monolith-payment-gateway-pkg/otel/otel.go:165.2,168.12 3 0
github.com/MamangRust/monolith-payment-gateway-pkg/otel/otel.go:171.56,173.2 1 0
github.com/MamangRust/monolith-payment-gateway-pkg/otel/otel.go:175.57,178.29 2 0
github.com/MamangRust/monolith-payment-gateway-pkg/otel/otel.go:178.29,179.56 1 0
github.com/MamangRust/monolith-payment-gateway-pkg/otel/otel.go:179.56,181.4 1 0
github.com/MamangRust/monolith-payment-gateway-pkg/otel/otel.go:184.2,184.28 1 0
github.com/MamangRust/monolith-payment-gateway-pkg/otel/otel.go:184.28,185.55 1 0
github.com/MamangRust/monolith-payment-gateway-pkg/otel/otel.go:185.55,187.4 1 0
github.com/MamangRust/monolith-payment-gateway-pkg/otel/otel.go:190.2,190.29 1 0
github.com/MamangRust/monolith-payment-gateway-pkg/otel/otel.go:190.29,191.56 1 0
github.com/MamangRust/monolith-payment-gateway-pkg/otel/otel.go:191.56,193.4 1 0
github.com/MamangRust/monolith-payment-gateway-pkg/otel/otel.go:196.2,196.19 1 0
github.com/MamangRust/monolith-payment-gateway-pkg/otel/otel.go:196.19,198.3 1 0
github.com/MamangRust/monolith-payment-gateway-pkg/otel/otel.go:200.2,200.12 1 0
github.com/MamangRust/monolith-payment-gateway-pkg/otel/otel.go:203.93,208.23 2 0
github.com/MamangRust/monolith-payment-gateway-pkg/otel/otel.go:208.23,210.3 1 0
github.com/MamangRust/monolith-payment-gateway-pkg/otel/otel.go:212.2,212.40 1 0
github.com/MamangRust/monolith-payment-gateway-pkg/otel/otel.go:215.91,220.23 2 0
github.com/MamangRust/monolith-payment-gateway-pkg/otel/otel.go:220.23,222.3 1 0
github.com/MamangRust/monolith-payment-gateway-pkg/otel/otel.go:224.2,224.41 1 0
github.com/MamangRust/monolith-payment-gateway-pkg/otel/otel.go:227.85,232.23 2 0
github.com/MamangRust/monolith-payment-gateway-pkg/otel/otel.go:232.23,234.3 1 0
github.com/MamangRust/monolith-payment-gateway-pkg/otel/otel.go:236.2,236.38 1 0
github.com/MamangRust/monolith-payment-gateway-pkg/otel/otel.go:239.88,248.2 1 0
github.com/MamangRust/monolith-payment-gateway-pkg/method_topup/method.go:9.56,35.36 3 9
github.com/MamangRust/monolith-payment-gateway-pkg/method_topup/method.go:35.36,36.33 1 136
github.com/MamangRust/monolith-payment-gateway-pkg/method_topup/method.go:36.33,38.4 1 5
github.com/MamangRust/monolith-payment-gateway-pkg/method_topup/method.go:41.2,41.14 1 4
github.com/MamangRust/monolith-payment-gateway-pkg/random_string/random_string.go:14.55,16.24 2 6
github.com/MamangRust/monolith-payment-gateway-pkg/random_string/random_string.go:16.24,18.17 2 181
github.com/MamangRust/monolith-payment-gateway-pkg/random_string/random_string.go:18.17,20.4 1 0
github.com/MamangRust/monolith-payment-gateway-pkg/random_string/random_string.go:21.3,21.38 1 181
github.com/MamangRust/monolith-payment-gateway-pkg/random_string/random_string.go:23.2,23.28 1 6
github.com/MamangRust/monolith-payment-gateway-pkg/outbox/inbox.go:84.144,85.55 1 0
github.com/MamangRust/monolith-payment-gateway-pkg/outbox/inbox.go:85.55,87.3 1 0
github.com/MamangRust/monolith-payment-gateway-pkg/outbox/inbox.go:88.2,93.33 2 0
github.com/MamangRust/monolith-payment-gateway-pkg/outbox/inbox.go:93.33,95.3 1 0
github.com/MamangRust/monolith-payment-gateway-pkg/outbox/inbox.go:96.2,96.65 1 0
github.com/MamangRust/monolith-payment-gateway-pkg/outbox/inbox.go:99.117,100.55 1 0
github.com/MamangRust/monolith-payment-gateway-pkg/outbox/inbox.go:100.55,102.3 1 0
github.com/MamangRust/monolith-payment-gateway-pkg/outbox/inbox.go:103.2,105.9 1 0
github.com/MamangRust/monolith-payment-gateway-pkg/outbox/inbox.go:108.132,109.55 1 0
github.com/MamangRust/monolith-payment-gateway-pkg/outbox/inbox.go:109.55,111.3 1 0
github.com/MamangRust/monolith-payment-gateway-pkg/outbox/inbox.go:112.2,113.26 2 0
github.com/MamangRust/monolith-payment-gateway-pkg/outbox/inbox.go:113.26,115.3 1 0
github.com/MamangRust/monolith-payment-gateway-pkg/outbox/inbox.go:116.2,118.9 1 0
github.com/MamangRust/monolith-payment-gateway-pkg/outbox/inbox.go:128.60,129.15 1 0
github.com/MamangRust/monolith-payment-gateway-pkg/outbox/inbox.go:129.15,131.3 1 0
github.com/MamangRust/monolith-payment-gateway-pkg/outbox/inbox.go:132.2,132.36 1 0
github.com/MamangRust/monolith-payment-gateway-pkg/outbox/inbox.go:135.150,141.69 2 0
github.com/MamangRust/monolith-payment-gateway-pkg/outbox/inbox.go:141.69,144.3 2 0
github.com/MamangRust/monolith-payment-gateway-pkg/outbox/inbox.go:145.2,145.18 1 0
github.com/MamangRust/monolith-payment-gateway-pkg/outbox/inbox.go:145.18,147.3 1 0
github.com/MamangRust/monolith-payment-gateway-pkg/outbox/inbox.go:148.2,148.42 1 0
github.com/MamangRust/monolith-payment-gateway-pkg/outbox/inbox.go:151.123,152.67 1 0
github.com/MamangRust/monolith-payment-gateway-pkg/outbox/inbox.go:152.67,154.3 1 0
github.com/MamangRust/monolith-payment-gateway-pkg/outbox/inbox.go:157.138,158.67 1 0
github.com/MamangRust/monolith-payment-gateway-pkg/outbox/inbox.go:158.67,160.3 1 0
github.com/MamangRust/monolith-payment-gateway-pkg/outbox/outbox.go:28.33,29.62 1 5
github.com/MamangRust/monolith-payment-gateway-pkg/outbox/outbox.go:29.62,31.3 1 3
github.com/MamangRust/monolith-payment-gateway-pkg/outbox/outbox.go:32.2,32.28 1 2
github.com/MamangRust/monolith-payment-gateway-pkg/outbox/outbox.go:32.28,34.3 1 1
github.com/MamangRust/monolith-payment-gateway-pkg/outbox/outbox.go:35.2,35.12 1 1
github.com/MamangRust/monolith-payment-gateway-pkg/outbox/outbox.go:40.67,41.41 1 5
github.com/MamangRust/monolith-payment-gateway-pkg/outbox/outbox.go:41.41,43.3 1 4
github.com/MamangRust/monolith-payment-gateway-pkg/outbox/outbox.go:44.2,44.15 1 1
github.com/MamangRust/monolith-payment-gateway-pkg/outbox/outbox.go:44.15,46.3 1 0
github.com/MamangRust/monolith-payment-gateway-pkg/outbox/outbox.go:47.2,52.9 1 1
github.com/MamangRust/monolith-payment-gateway-pkg/outbox/outbox.go:69.49,70.22 1 1
github.com/MamangRust/monolith-payment-gateway-pkg/outbox/outbox.go:70.22,72.3 1 1
github.com/MamangRust/monolith-payment-gateway-pkg/outbox/outbox.go:73.2,73.25 1 1
github.com/MamangRust/monolith-payment-gateway-pkg/outbox/outbox.go:73.25,75.3 1 1
github.com/MamangRust/monolith-payment-gateway-pkg/outbox/outbox.go:76.2,76.24 1 1
github.com/MamangRust/monolith-payment-gateway-pkg/outbox/outbox.go:76.24,78.3 1 1
github.com/MamangRust/monolith-payment-gateway-pkg/outbox/outbox.go:79.2,79.24 1 1
github.com/MamangRust/monolith-payment-gateway-pkg/outbox/outbox.go:79.24,81.3 1 1
github.com/MamangRust/monolith-payment-gateway-pkg/outbox/outbox.go:82.2,82.10 1 1
github.com/MamangRust/monolith-payment-gateway-pkg/outbox/outbox.go:134.85,135.15 1 3
github.com/MamangRust/monolith-payment-gateway-pkg/outbox/outbox.go:135.15,137.3 1 1
github.com/MamangRust/monolith-payment-gateway-pkg/outbox/outbox.go:138.2,138.22 1 2
github.com/MamangRust/monolith-payment-gateway-pkg/outbox/outbox.go:138.22,140.3 1 1
github.com/MamangRust/monolith-payment-gateway-pkg/outbox/outbox.go:141.2,141.81 1 1
github.com/MamangRust/monolith-payment-gateway-pkg/outbox/outbox.go:147.48,148.6 1 0
github.com/MamangRust/monolith-payment-gateway-pkg/outbox/outbox.go:148.6,150.45 2 0
github.com/MamangRust/monolith-payment-gateway-pkg/outbox/outbox.go:150.45,152.4 1 0
github.com/MamangRust/monolith-payment-gateway-pkg/outbox/outbox.go:153.3,153.17 1 0
github.com/MamangRust/monolith-payment-gateway-pkg/outbox/outbox.go:153.17,156.41 1 0
github.com/MamangRust/monolith-payment-gateway-pkg/outbox/outbox.go:156.41,158.5 1 0
github.com/MamangRust/monolith-payment-gateway-pkg/outbox/outbox.go:159.4,159.12 1 0
github.com/MamangRust/monolith-payment-gateway-pkg/outbox/outbox.go:161.3,161.58 1 0
github.com/MamangRust/monolith-payment-gateway-pkg/outbox/outbox.go:161.58,163.4 1 0
github.com/MamangRust/monolith-payment-gateway-pkg/outbox/outbox.go:167.61,170.9 3 0
github.com/MamangRust/monolith-payment-gateway-pkg/outbox/outbox.go:171.20,172.15 1 0
github.com/MamangRust/monolith-payment-gateway-pkg/outbox/outbox.go:173.17,174.14 1 0
github.com/MamangRust/monolith-payment-gateway-pkg/outbox/outbox.go:187.60,189.16 2 0
github.com/MamangRust/monolith-payment-gateway-pkg/outbox/outbox.go:189.16,191.3 1 0
github.com/MamangRust/monolith-payment-gateway-pkg/outbox/outbox.go:192.2,192.31 1 0
github.com/MamangRust/monolith-payment-gateway-pkg/outbox/outbox.go:192.31,193.47 1 0
github.com/MamangRust/monolith-payment-gateway-pkg/outbox/outbox.go:193.47,194.68 1 0
github.com/MamangRust/monolith-payment-gateway-pkg/outbox/outbox.go:194.68,196.5 1 0
github.com/MamangRust/monolith-payment-gateway-pkg/outbox/outbox.go:197.4,197.12 1 0
github.com/MamangRust/monolith-payment-gateway-pkg/outbox/outbox.go:199.3,199.53 1 0
github.com/MamangRust/monolith-payment-gateway-pkg/outbox/outbox.go:199.53,201.4 1 0
github.com/MamangRust/monolith-payment-gateway-pkg/outbox/outbox.go:203.2,203.25 1 0
github.com/MamangRust/monolith-payment-gateway-pkg/outbox/outbox.go:206.68,217.31 4 1
github.com/MamangRust/monolith-payment-gateway-pkg/outbox/outbox.go:217.31,219.3 1 1
github.com/MamangRust/monolith-payment-gateway-pkg/outbox/outbox.go:219.8,221.3 1 0
github.com/MamangRust/monolith-payment-gateway-pkg/outbox/outbox.go:222.2,222.16 1 1
github.com/MamangRust/monolith-payment-gateway-pkg/outbox/outbox.go:222.16,224.3 1 1
github.com/MamangRust/monolith-payment-gateway-pkg/outbox/outbox.go:226.2,227.27 2 0
github.com/MamangRust/monolith-payment-gateway-pkg/outbox/outbox.go:227.27,232.3 1 0
github.com/MamangRust/monolith-payment-gateway-pkg/outbox/outbox.go:233.2,233.20 1 0
github.com/MamangRust/monolith-payment-gateway-pkg/outbox/outbox.go:236.72,237.34 1 0
github.com/MamangRust/monolith-payment-gateway-pkg/outbox/outbox.go:237.34,239.3 1 0
github.com/MamangRust/monolith-payment-gateway-pkg/outbox/outbox.go:240.2,240.83 1 0
github.com/MamangRust/monolith-payment-gateway-pkg/outbox/outbox.go:243.78,251.2 1 0
github.com/MamangRust/monolith-payment-gateway-pkg/outbox/outbox.go:253.93,255.43 2 0
github.com/MamangRust/monolith-payment-gateway-pkg/outbox/outbox.go:255.43,257.3 1 0
github.com/MamangRust/monolith-payment-gateway-pkg/outbox/outbox.go:258.2,259.17 2 0
github.com/MamangRust/monolith-payment-gateway-pkg/outbox/outbox.go:259.17,261.3 1 0
github.com/MamangRust/monolith-payment-gateway-pkg/outbox/outbox.go:262.2,269.9 2 0
github.com/MamangRust/monolith-payment-gateway-pkg/outbox/outbox.go:272.24,273.11 1 0
github.com/MamangRust/monolith-payment-gateway-pkg/outbox/outbox.go:273.11,275.3 1 0
github.com/MamangRust/monolith-payment-gateway-pkg/outbox/outbox.go:276.2,276.10 1 0
github.com/MamangRust/monolith-payment-gateway-pkg/redis/redis.go:28.47,43.2 3 0
github.com/MamangRust/monolith-payment-gateway-pkg/resilience/circuit_breaker.go:24.109,31.2 1 0
github.com/MamangRust/monolith-payment-gateway-pkg/resilience/circuit_breaker.go:33.41,35.2 1 0
github.com/MamangRust/monolith-payment-gateway-pkg/resilience/circuit_breaker.go:37.52,39.2 1 0
github.com/MamangRust/monolith-payment-gateway-pkg/resilience/circuit_breaker.go:41.52,43.2 1 0
github.com/MamangRust/monolith-payment-gateway-pkg/resilience/circuit_breaker.go:45.53,46.18 1 0
github.com/MamangRust/monolith-payment-gateway-pkg/resilience/circuit_breaker.go:46.18,48.3 1 0
github.com/MamangRust/monolith-payment-gateway-pkg/resilience/circuit_breaker.go:50.2,54.39 4 0
github.com/MamangRust/monolith-payment-gateway-pkg/resilience/circuit_breaker.go:54.39,58.39 3 0
github.com/MamangRust/monolith-payment-gateway-pkg/resilience/circuit_breaker.go:58.39,60.4 1 0
github.com/MamangRust/monolith-payment-gateway-pkg/resilience/circuit_breaker.go:62.3,62.40 1 0
github.com/MamangRust/monolith-payment-gateway-pkg/resilience/circuit_breaker.go:62.40,65.4 2 0
github.com/MamangRust/monolith-payment-gateway-pkg/resilience/circuit_breaker.go:67.3,67.15 1 0
github.com/MamangRust/monolith-payment-gateway-pkg/resilience/circuit_breaker.go:70.2,70.14 1 0
github.com/MamangRust/monolith-payment-gateway-pkg/resilience/circuit_breaker.go:73.43,76.54 2 0
github.com/MamangRust/monolith-payment-gateway-pkg/resilience/circuit_breaker.go:76.54,78.3 1 0
github.com/MamangRust/monolith-payment-gateway-pkg/resilience/circuit_breaker.go:80.2,80.41 1 0
github.com/MamangRust/monolith-payment-gateway-pkg/resilience/circuit_breaker.go:83.43,86.43 2 0
github.com/MamangRust/monolith-payment-gateway-pkg/resilience/circuit_breaker.go:86.43,88.3 1 0
github.com/MamangRust/monolith-payment-gateway-pkg/resilience/circuit_breaker.go:91.41,99.2 6 0
github.com/MamangRust/monolith-payment-gateway-pkg/resilience/circuit_breaker.go:101.42,106.2 4 0
github.com/MamangRust/monolith-payment-gateway-pkg/resilience/circuit_breaker.go:108.35,110.2 1 0
github.com/MamangRust/monolith-payment-gateway-pkg/resilience/dependency_guard.go:48.20,56.2 1 0
github.com/MamangRust/monolith-payment-gateway-pkg/resilience/dependency_guard.go:62.95,63.14 1 0
github.com/MamangRust/monolith-payment-gateway-pkg/resilience/dependency_guard.go:63.14,65.3 1 0
github.com/MamangRust/monolith-payment-gateway-pkg/resilience/dependency_guard.go:67.2,67.37 1 0
github.com/MamangRust/monolith-payment-gateway-pkg/resilience/dependency_guard.go:67.37,70.3 2 0
github.com/MamangRust/monolith-payment-gateway-pkg/resilience/dependency_guard.go:72.2,72.29 1 0
github.com/MamangRust/monolith-payment-gateway-pkg/resilience/dependency_guard.go:72.29,75.3 2 0
github.com/MamangRust/monolith-payment-gateway-pkg/resilience/dependency_guard.go:76.2,79.19 3 0
github.com/MamangRust/monolith-payment-gateway-pkg/resilience/dependency_guard.go:79.19,83.3 3 0
github.com/MamangRust/monolith-payment-gateway-pkg/resilience/dependency_guard.go:85.2,85.36 1 0
github.com/MamangRust/monolith-payment-gateway-pkg/resilience/dependency_guard.go:85.36,88.3 2 0
github.com/MamangRust/monolith-payment-gateway-pkg/resilience/dependency_guard.go:90.2,91.12 2 0
github.com/MamangRust/monolith-payment-gateway-pkg/resilience/dependency_guard.go:95.41,96.14 1 0
github.com/MamangRust/monolith-payment-gateway-pkg/resilience/dependency_guard.go:96.14,98.3 1 0
github.com/MamangRust/monolith-payment-gateway-pkg/resilience/dependency_guard.go:99.2,99.15 1 0
github.com/MamangRust/monolith-payment-gateway-pkg/resilience/load_monitor.go:24.36,30.2 1 0
github.com/MamangRust/monolith-payment-gateway-pkg/resilience/load_monitor.go:32.66,38.2 1 0
github.com/MamangRust/monolith-payment-gateway-pkg/resilience/load_monitor.go:40.40,42.2 1 0
github.com/MamangRust/monolith-payment-gateway-pkg/resilience/load_monitor.go:44.47,54.17 8 0
github.com/MamangRust/monolith-payment-gateway-pkg/resilience/load_monitor.go:54.17,56.3 1 0
github.com/MamangRust/monolith-payment-gateway-pkg/resilience/load_monitor.go:58.2,65.26 3 0
github.com/MamangRust/monolith-payment-gateway-pkg/resilience/load_monitor.go:65.26,67.3 1 0
github.com/MamangRust/monolith-payment-gateway-pkg/resilience/load_monitor.go:68.2,70.12 2 0
github.com/MamangRust/monolith-payment-gateway-pkg/resilience/load_monitor.go:73.49,75.2 1 0
github.com/MamangRust/monolith-payment-gateway-pkg/resilience/load_monitor.go:77.70,81.26 3 0
github.com/MamangRust/monolith-payment-gateway-pkg/resilience/load_monitor.go:81.26,83.3 1 0
github.com/MamangRust/monolith-payment-gateway-pkg/resilience/load_monitor.go:85.2,89.44 4 0
github.com/MamangRust/monolith-payment-gateway-pkg/resilience/load_monitor.go:89.44,90.45 1 0
github.com/MamangRust/monolith-payment-gateway-pkg/resilience/load_monitor.go:90.45,91.9 1 0
github.com/MamangRust/monolith-payment-gateway-pkg/resilience/load_monitor.go:93.3,94.10 2 0
github.com/MamangRust/monolith-payment-gateway-pkg/resilience/load_monitor.go:97.2,97.16 1 0
github.com/MamangRust/monolith-payment-gateway-pkg/resilience/load_monitor.go:97.16,99.3 1 0
github.com/MamangRust/monolith-payment-gateway-pkg/resilience/load_monitor.go:101.2,101.40 1 0
github.com/MamangRust/monolith-payment-gateway-pkg/resilience/load_monitor.go:104.66,108.26 3 0
github.com/MamangRust/monolith-payment-gateway-pkg/resilience/load_monitor.go:108.26,110.3 1 0
github.com/MamangRust/monolith-payment-gateway-pkg/resilience/load_monitor.go:112.2,115.44 3 0
github.com/MamangRust/monolith-payment-gateway-pkg/resilience/load_monitor.go:115.44,116.45 1 0
github.com/MamangRust/monolith-payment-gateway-pkg/resilience/load_monitor.go:116.45,117.9 1 0
github.com/MamangRust/monolith-payment-gateway-pkg/resilience/load_monitor.go:119.3,119.31 1 0
github.com/MamangRust/monolith-payment-gateway-pkg/resilience/load_monitor.go:119.31,121.4 1 0
github.com/MamangRust/monolith-payment-gateway-pkg/resilience/load_monitor.go:124.2,124.13 1 0
github.com/MamangRust/monolith-payment-gateway-pkg/resilience/load_monitor.go:127.52,134.2 5 0
github.com/MamangRust/monolith-payment-gateway-pkg/resilience/load_monitor.go:136.32,145.2 7 0
github.com/MamangRust/monolith-payment-gateway-pkg/resilience/request_limiter.go:18.92,19.24 1 0
github.com/MamangRust/monolith-payment-gateway-pkg/resilience/request_limiter.go:19.24,22.3 2 0
github.com/MamangRust/monolith-payment-gateway-pkg/resilience/request_limiter.go:24.2,28.3 1 0
github.com/MamangRust/monolith-payment-gateway-pkg/resilience/request_limiter.go:31.45,32.32 1 0
github.com/MamangRust/monolith-payment-gateway-pkg/resilience/request_limiter.go:32.32,35.3 2 0
github.com/MamangRust/monolith-payment-gateway-pkg/resilience/request_limiter.go:36.2,36.14 1 0
github.com/MamangRust/monolith-payment-gateway-pkg/resilience/request_limiter.go:39.37,44.21 3 0
github.com/MamangRust/monolith-payment-gateway-pkg/resilience/request_limiter.go:44.21,51.3 2 0
github.com/MamangRust/monolith-payment-gateway-pkg/resilience/request_limiter.go:54.52,56.2 1 0
github.com/MamangRust/monolith-payment-gateway-pkg/resilience/request_limiter.go:58.49,60.2 1 0
github.com/MamangRust/monolith-payment-gateway-pkg/resilience/request_limiter.go:62.44,64.2 1 0
github.com/MamangRust/monolith-payment-gateway-pkg/server/server.go:49.56,50.17 1 0
github.com/MamangRust/monolith-payment-gateway-pkg/server/server.go:50.17,52.3 1 0
github.com/MamangRust/monolith-payment-gateway-pkg/server/server.go:55.44,56.39 1 0
github.com/MamangRust/monolith-payment-gateway-pkg/server/server.go:56.39,58.3 1 0
github.com/MamangRust/monolith-payment-gateway-pkg/server/server.go:60.2,60.43 1 0
github.com/MamangRust/monolith-payment-gateway-pkg/server/server.go:60.43,62.3 1 0
github.com/MamangRust/monolith-payment-gateway-pkg/server/server.go:64.2,65.61 2 0
github.com/MamangRust/monolith-payment-gateway-pkg/server/server.go:65.61,67.3 1 0
github.com/MamangRust/monolith-payment-gateway-pkg/server/server.go:69.2,70.16 2 0
github.com/MamangRust/monolith-payment-gateway-pkg/server/server.go:70.16,72.3 1 0
github.com/MamangRust/monolith-payment-gateway-pkg/server/server.go:74.2,75.16 2 0
github.com/MamangRust/monolith-payment-gateway-pkg/server/server.go:75.16,77.3 1 0
github.com/MamangRust/monolith-payment-gateway-pkg/server/server.go:79.2,80.16 2 0
github.com/MamangRust/monolith-payment-gateway-pkg/server/server.go:80.16,82.3 1 0
github.com/MamangRust/monolith-payment-gateway-pkg/server/server.go:84.2,87.16 3 0
github.com/MamangRust/monolith-payment-gateway-pkg/server/server.go:87.16,90.3 2 0
github.com/MamangRust/monolith-payment-gateway-pkg/server/server.go:92.2,103.8 2 0
github.com/MamangRust/monolith-payment-gateway-pkg/server/server.go:106.34,110.16 3 0
github.com/MamangRust/monolith-payment-gateway-pkg/server/server.go:110.16,112.3 1 0
github.com/MamangRust/monolith-payment-gateway-pkg/server/server.go:114.2,139.31 6 0
github.com/MamangRust/monolith-payment-gateway-pkg/server/server.go:139.31,141.3 1 0
github.com/MamangRust/monolith-payment-gateway-pkg/server/server.go:143.2,147.46 4 0
github.com/MamangRust/monolith-payment-gateway-pkg/server/server.go:147.46,150.3 2 0
github.com/MamangRust/monolith-payment-gateway-pkg/server/server.go:152.2,159.12 6 0
github.com/MamangRust/monolith-payment-gateway-pkg/server/server.go:159.12,164.47 2 0
github.com/MamangRust/monolith-payment-gateway-pkg/server/server.go:164.47,166.4 1 0
github.com/MamangRust/monolith-payment-gateway-pkg/server/server.go:169.2,169.9 1 0
github.com/MamangRust/monolith-payment-gateway-pkg/server/server.go:170.24,171.80 1 0
github.com/MamangRust/monolith-payment-gateway-pkg/server/server.go:172.24,174.13 2 0
github.com/MamangRust/monolith-payment-gateway-pkg/server/server.go:177.2,177.82 1 0
github.com/MamangRust/monolith-payment-gateway-pkg/server/server.go:184.9,195.12 7 0
github.com/MamangRust/monolith-payment-gateway-pkg/server/server.go:195.12,199.3 3 0
github.com/MamangRust/monolith-payment-gateway-pkg/server/server.go:201.2,201.9 1 0
github.com/MamangRust/monolith-payment-gateway-pkg/server/server.go:202.19,203.57 1 0
github.com/MamangRust/monolith-payment-gateway-pkg/server/server.go:204.28,205.67 1 0
github.com/MamangRust/monolith-payment-gateway-pkg/server/server.go:208.2,209.12 2 0
github.com/MamangRust/monolith-payment-gateway-pkg/server/server.go:209.12,212.3 2 0
github.com/MamangRust/monolith-payment-gateway-pkg/server/server.go:214.2,214.9 1 0
github.com/MamangRust/monolith-payment-gateway-pkg/server/server.go:215.17,216.50 1 0
github.com/MamangRust/monolith-payment-gateway-pkg/server/server.go:217.28,219.20 2 0
github.com/MamangRust/monolith-payment-gateway-pkg/server/server.go:222.2,223.12 2 0
github.com/MamangRust/monolith-payment-gateway-pkg/server/server.go:226.32,229.48 2 0
github.com/MamangRust/monolith-payment-gateway-pkg/server/server.go:229.48,230.45 1 0
github.com/MamangRust/monolith-payment-gateway-pkg/server/server.go:230.45,232.4 1 0
github.com/MamangRust/monolith-payment-gateway-pkg/server/server.go:235.2,235.21 1 0
github.com/MamangRust/monolith-payment-gateway-pkg/server/server.go:235.21,236.46 1 0
github.com/MamangRust/monolith-payment-gateway-pkg/server/server.go:236.46,237.40 1 0
github.com/MamangRust/monolith-payment-gateway-pkg/server/server.go:237.40,239.5 1 0
github.com/MamangRust/monolith-payment-gateway-pkg/server/server.go:239.10,241.5 1 0
github.com/MamangRust/monolith-payment-gateway-pkg/server/server.go:245.2,245.20 1 0
github.com/MamangRust/monolith-payment-gateway-pkg/server/server.go:245.20,246.41 1 0
github.com/MamangRust/monolith-payment-gateway-pkg/server/server.go:246.41,248.4 1 0
github.com/MamangRust/monolith-payment-gateway-pkg/server/server.go:248.9,250.4 1 0
github.com/MamangRust/monolith-payment-gateway-pkg/server/server.go:253.2,253.24 1 0
github.com/MamangRust/monolith-payment-gateway-pkg/server/server.go:253.24,254.68 1 0
github.com/MamangRust/monolith-payment-gateway-pkg/server/server.go:254.68,256.4 1 0
github.com/MamangRust/monolith-payment-gateway-pkg/server/server.go:256.9,258.4 1 0
github.com/MamangRust/monolith-payment-gateway-pkg/server/server.go:261.2,261.36 1 0
github.com/MamangRust/monolith-payment-gateway-pkg/server/server.go:264.39,265.46 1 0
github.com/MamangRust/monolith-payment-gateway-pkg/server/server.go:265.46,267.3 1 0
github.com/MamangRust/monolith-payment-gateway-pkg/server/server.go:269.2,285.12 2 0
github.com/MamangRust/monolith-payment-gateway-pkg/server/server.go:288.53,299.2 1 0
github.com/MamangRust/monolith-payment-gateway-pkg/server/server.go:304.41,305.34 1 0
github.com/MamangRust/monolith-payment-gateway-pkg/server/server.go:305.34,307.3 1 0
github.com/MamangRust/monolith-payment-gateway-pkg/server/server.go:308.2,308.17 1 0
github.com/MamangRust/monolith-payment-gateway-pkg/server/server.go:311.117,316.63 2 0
github.com/MamangRust/monolith-payment-gateway-pkg/server/server.go:316.63,318.18 2 0
github.com/MamangRust/monolith-payment-gateway-pkg/server/server.go:318.18,320.4 1 0
github.com/MamangRust/monolith-payment-gateway-pkg/server/server.go:321.3,321.18 1 0
github.com/MamangRust/monolith-payment-gateway-pkg/server/server.go:321.18,323.4 1 0
github.com/MamangRust/monolith-payment-gateway-pkg/server/server.go:324.3,324.15 1 0
github.com/MamangRust/monolith-payment-gateway-pkg/server/server.go:327.2,329.16 3 0
github.com/MamangRust/monolith-payment-gateway-pkg/server/server.go:329.16,331.3 1 0
github.com/MamangRust/monolith-payment-gateway-pkg/server/server.go:333.2,335.13 3 0
github.com/MamangRust/monolith-payment-gateway-pkg/server/server.go:335.13,337.3 1 0
github.com/MamangRust/monolith-payment-gateway-pkg/server/server.go:339.2,352.51 4 0
github.com/MamangRust/monolith-payment-gateway-pkg/server/server.go:352.51,355.3 2 0
github.com/MamangRust/monolith-payment-gateway-pkg/server/server.go:357.2,358.20 2 0
github.com/MamangRust/monolith-payment-gateway-pkg/server/server.go:361.60,363.12 2 0
github.com/MamangRust/monolith-payment-gateway-pkg/server/server.go:363.12,367.7 4 0
github.com/MamangRust/monolith-payment-gateway-pkg/server/server.go:367.7,368.11 1 0
github.com/MamangRust/monolith-payment-gateway-pkg/server/server.go:369.24,370.11 1 0
github.com/MamangRust/monolith-payment-gateway-pkg/server/server.go:371.20,372.21 1 0
github.com/MamangRust/monolith-payment-gateway-pkg/server/server.go:376.2,376.13 1 0
github.com/MamangRust/monolith-payment-gateway-pkg/server/server.go:379.37,382.16 3 0
github.com/MamangRust/monolith-payment-gateway-pkg/server/server.go:382.16,385.3 2 0
github.com/MamangRust/monolith-payment-gateway-pkg/server/server.go:386.2,387.39 2 0
github.com/MamangRust/monolith-payment-gateway-pkg/server/server.go:387.39,389.3 1 0
github.com/MamangRust/monolith-payment-gateway-pkg/server/server.go:390.2,390.67 1 0
github.com/MamangRust/monolith-payment-gateway-pkg/server/server.go:390.67,397.3 1 0
github.com/MamangRust/monolith-payment-gateway-pkg/server/server.go:400.57,402.12 2 0
github.com/MamangRust/monolith-payment-gateway-pkg/server/server.go:402.12,406.7 4 0
github.com/MamangRust/monolith-payment-gateway-pkg/server/server.go:406.7,407.11 1 0
github.com/MamangRust/monolith-payment-gateway-pkg/server/server.go:408.24,409.11 1 0
github.com/MamangRust/monolith-payment-gateway-pkg/server/server.go:410.20,411.37 1 0
github.com/MamangRust/monolith-payment-gateway-pkg/server/server.go:415.2,415.13 1 0
github.com/MamangRust/monolith-payment-gateway-pkg/kafka/kafka.go:56.41,57.24 1 3
github.com/MamangRust/monolith-payment-gateway-pkg/kafka/kafka.go:57.24,61.13 3 2
github.com/MamangRust/monolith-payment-gateway-pkg/kafka/kafka.go:61.13,63.4 1 2
github.com/MamangRust/monolith-payment-gateway-pkg/kafka/kafka.go:65.3,67.10 3 2
github.com/MamangRust/monolith-payment-gateway-pkg/kafka/kafka.go:68.33,68.33 0 2
github.com/MamangRust/monolith-payment-gateway-pkg/kafka/kafka.go:69.18,71.10 2 0
github.com/MamangRust/monolith-payment-gateway-pkg/kafka/kafka.go:74.3,74.10 1 2
github.com/MamangRust/monolith-payment-gateway-pkg/kafka/kafka.go:75.17,75.17 0 2
github.com/MamangRust/monolith-payment-gateway-pkg/kafka/kafka.go:76.18,78.10 2 0
github.com/MamangRust/monolith-payment-gateway-pkg/kafka/kafka.go:80.3,80.10 1 2
github.com/MamangRust/monolith-payment-gateway-pkg/kafka/kafka.go:81.23,81.23 0 2
github.com/MamangRust/monolith-payment-gateway-pkg/kafka/kafka.go:82.18,83.40 1 0
github.com/MamangRust/monolith-payment-gateway-pkg/kafka/kafka.go:86.2,86.19 1 3
github.com/MamangRust/monolith-payment-gateway-pkg/kafka/kafka.go:94.71,101.16 6 0
github.com/MamangRust/monolith-payment-gateway-pkg/kafka/kafka.go:101.16,103.3 1 0
github.com/MamangRust/monolith-payment-gateway-pkg/kafka/kafka.go:105.2,112.3 2 0
github.com/MamangRust/monolith-payment-gateway-pkg/kafka/kafka.go:119.106,126.2 1 4
github.com/MamangRust/monolith-payment-gateway-pkg/kafka/kafka.go:129.39,131.2 1 0
github.com/MamangRust/monolith-payment-gateway-pkg/kafka/kafka.go:137.75,145.16 3 6
github.com/MamangRust/monolith-payment-gateway-pkg/kafka/kafka.go:145.16,147.3 1 5
github.com/MamangRust/monolith-payment-gateway-pkg/kafka/kafka.go:149.2,150.12 2 1
github.com/MamangRust/monolith-payment-gateway-pkg/kafka/kafka.go:157.138,164.16 2 0
github.com/MamangRust/monolith-payment-gateway-pkg/kafka/kafka.go:164.16,167.23 3 0
github.com/MamangRust/monolith-payment-gateway-pkg/kafka/kafka.go:167.23,168.32 1 0
github.com/MamangRust/monolith-payment-gateway-pkg/kafka/kafka.go:168.32,170.5 1 0
github.com/MamangRust/monolith-payment-gateway-pkg/kafka/kafka.go:174.2,175.16 2 0
github.com/MamangRust/monolith-payment-gateway-pkg/kafka/kafka.go:175.16,177.3 1 0
github.com/MamangRust/monolith-payment-gateway-pkg/kafka/kafka.go:179.2,180.12 2 0
github.com/MamangRust/monolith-payment-gateway-pkg/kafka/kafka.go:189.98,191.32 2 2
github.com/MamangRust/monolith-payment-gateway-pkg/kafka/kafka.go:191.32,192.58 1 6
github.com/MamangRust/monolith-payment-gateway-pkg/kafka/kafka.go:192.58,194.22 2 5
github.com/MamangRust/monolith-payment-gateway-pkg/kafka/kafka.go:194.22,196.5 1 4
github.com/MamangRust/monolith-payment-gateway-pkg/kafka/kafka.go:197.4,197.12 1 5
github.com/MamangRust/monolith-payment-gateway-pkg/kafka/kafka.go:199.3,199.13 1 1
github.com/MamangRust/monolith-payment-gateway-pkg/kafka/kafka.go:201.2,201.16 1 1
github.com/MamangRust/monolith-payment-gateway-pkg/kafka/kafka.go:209.170,216.28 6 0
github.com/MamangRust/monolith-payment-gateway-pkg/kafka/kafka.go:216.28,218.3 1 0
github.com/MamangRust/monolith-payment-gateway-pkg/kafka/kafka.go:219.2,220.16 2 0
github.com/MamangRust/monolith-payment-gateway-pkg/kafka/kafka.go:220.16,222.3 1 0
github.com/MamangRust/monolith-payment-gateway-pkg/kafka/kafka.go:224.2,235.12 6 0
github.com/MamangRust/monolith-payment-gateway-pkg/kafka/kafka.go:235.12,238.3 2 0
github.com/MamangRust/monolith-payment-gateway-pkg/kafka/kafka.go:240.2,240.12 1 0
github.com/MamangRust/monolith-payment-gateway-pkg/kafka/kafka.go:240.12,246.7 6 0
github.com/MamangRust/monolith-payment-gateway-pkg/kafka/kafka.go:246.7,247.32 1 0
github.com/MamangRust/monolith-payment-gateway-pkg/kafka/kafka.go:247.32,249.5 1 0
github.com/MamangRust/monolith-payment-gateway-pkg/kafka/kafka.go:251.4,252.32 2 0
github.com/MamangRust/monolith-payment-gateway-pkg/kafka/kafka.go:252.32,254.5 1 0
github.com/MamangRust/monolith-payment-gateway-pkg/kafka/kafka.go:255.4,255.25 1 0
github.com/MamangRust/monolith-payment-gateway-pkg/kafka/kafka.go:255.25,258.30 3 0
github.com/MamangRust/monolith-payment-gateway-pkg/kafka/kafka.go:258.30,261.6 2 0
github.com/MamangRust/monolith-payment-gateway-pkg/kafka/kafka.go:263.5,264.12 2 0
github.com/MamangRust/monolith-payment-gateway-pkg/kafka/kafka.go:265.31,266.23 1 0
github.com/MamangRust/monolith-payment-gateway-pkg/kafka/kafka.go:266.23,267.14 1 0
github.com/MamangRust/monolith-payment-gateway-pkg/kafka/kafka.go:268.22,268.22 0 0
github.com/MamangRust/monolith-payment-gateway-pkg/kafka/kafka.go:269.15,269.15 0 0
github.com/MamangRust/monolith-payment-gateway-pkg/kafka/kafka.go:272.6,272.12 1 0
github.com/MamangRust/monolith-payment-gateway-pkg/kafka/kafka.go:273.20,273.20 0 0
github.com/MamangRust/monolith-payment-gateway-pkg/kafka/kafka.go:275.5,275.13 1 0
github.com/MamangRust/monolith-payment-gateway-pkg/kafka/kafka.go:277.4,277.15 1 0
github.com/MamangRust/monolith-payment-gateway-pkg/kafka/kafka.go:281.2,281.12 1 0
github.com/MamangRust/monolith-payment-gateway-pkg/kafka/kafka.go:281.12,283.7 2 0
github.com/MamangRust/monolith-payment-gateway-pkg/kafka/kafka.go:283.7,284.11 1 0
github.com/MamangRust/monolith-payment-gateway-pkg/kafka/kafka.go:285.45,286.12 1 0
github.com/MamangRust/monolith-payment-gateway-pkg/kafka/kafka.go:286.12,288.6 1 0
github.com/MamangRust/monolith-payment-gateway-pkg/kafka/kafka.go:289.5,289.48 1 0
github.com/MamangRust/monolith-payment-gateway-pkg/kafka/kafka.go:290.30,291.11 1 0
github.com/MamangRust/monolith-payment-gateway-pkg/kafka/kafka.go:296.2,296.21 1 0
github.com/MamangRust/monolith-payment-gateway-pkg/kafka/kafka.go:302.108,305.2 2 0
github.com/MamangRust/monolith-payment-gateway-pkg/kafka/kafka.go:310.158,319.28 5 1
github.com/MamangRust/monolith-payment-gateway-pkg/kafka/kafka.go:319.28,321.3 1 0
github.com/MamangRust/monolith-payment-gateway-pkg/kafka/kafka.go:322.2,323.16 2 1
github.com/MamangRust/monolith-payment-gateway-pkg/kafka/kafka.go:323.16,325.3 1 0
github.com/MamangRust/monolith-payment-gateway-pkg/kafka/kafka.go:327.2,338.12 6 1
github.com/MamangRust/monolith-payment-gateway-pkg/kafka/kafka.go:338.12,343.3 2 1
github.com/MamangRust/monolith-payment-gateway-pkg/kafka/kafka.go:345.2,345.12 1 1
github.com/MamangRust/monolith-payment-gateway-pkg/kafka/kafka.go:345.12,351.7 6 1
github.com/MamangRust/monolith-payment-gateway-pkg/kafka/kafka.go:351.7,352.32 1 1
github.com/MamangRust/monolith-payment-gateway-pkg/kafka/kafka.go:352.32,354.5 1 0
github.com/MamangRust/monolith-payment-gateway-pkg/kafka/kafka.go:356.4,357.32 2 1
github.com/MamangRust/monolith-payment-gateway-pkg/kafka/kafka.go:357.32,359.5 1 1
github.com/MamangRust/monolith-payment-gateway-pkg/kafka/kafka.go:360.4,360.25 1 0
github.com/MamangRust/monolith-payment-gateway-pkg/kafka/kafka.go:360.25,363.30 3 0
github.com/MamangRust/monolith-payment-gateway-pkg/kafka/kafka.go:363.30,366.6 2 0
github.com/MamangRust/monolith-payment-gateway-pkg/kafka/kafka.go:368.5,369.12 2 0
github.com/MamangRust/monolith-payment-gateway-pkg/kafka/kafka.go:370.31,371.23 1 0
github.com/MamangRust/monolith-payment-gateway-pkg/kafka/kafka.go:371.23,372.14 1 0
github.com/MamangRust/monolith-payment-gateway-pkg/kafka/kafka.go:373.22,373.22 0 0
github.com/MamangRust/monolith-payment-gateway-pkg/kafka/kafka.go:374.15,374.15 0 0
github.com/MamangRust/monolith-payment-gateway-pkg/kafka/kafka.go:377.6,377.12 1 0
github.com/MamangRust/monolith-payment-gateway-pkg/kafka/kafka.go:378.20,378.20 0 0
github.com/MamangRust/monolith-payment-gateway-pkg/kafka/kafka.go:380.5,380.13 1 0
github.com/MamangRust/monolith-payment-gateway-pkg/kafka/kafka.go:382.4,382.15 1 0
github.com/MamangRust/monolith-payment-gateway-pkg/kafka/kafka.go:386.2,386.12 1 1
github.com/MamangRust/monolith-payment-gateway-pkg/kafka/kafka.go:386.12,388.7 2 1
github.com/MamangRust/monolith-payment-gateway-pkg/kafka/kafka.go:388.7,389.11 1 1
github.com/MamangRust/monolith-payment-gateway-pkg/kafka/kafka.go:390.45,391.12 1 0
github.com/MamangRust/monolith-payment-gateway-pkg/kafka/kafka.go:391.12,393.6 1 0
github.com/MamangRust/monolith-payment-gateway-pkg/kafka/kafka.go:394.5,394.48 1 0
github.com/MamangRust/monolith-payment-gateway-pkg/kafka/kafka.go:395.30,396.11 1 1
github.com/MamangRust/monolith-payment-gateway-pkg/kafka/kafka.go:401.2,401.21 1 1
github.com/MamangRust/monolith-payment-gateway-pkg/kafka/kafka.go:407.31,408.24 1 2
github.com/MamangRust/monolith-payment-gateway-pkg/kafka/kafka.go:408.24,413.38 4 1
github.com/MamangRust/monolith-payment-gateway-pkg/kafka/kafka.go:413.38,414.64 1 0
github.com/MamangRust/monolith-payment-gateway-pkg/kafka/kafka.go:414.64,416.5 1 0
github.com/MamangRust/monolith-payment-gateway-pkg/kafka/kafka.go:418.3,418.24 1 1
github.com/MamangRust/monolith-payment-gateway-pkg/kafka/kafka.go:418.24,419.66 1 1
github.com/MamangRust/monolith-payment-gateway-pkg/kafka/kafka.go:419.66,421.5 1 0
github.com/MamangRust/monolith-payment-gateway-pkg/kafka/kafka.go:424.2,424.19 1 2
github.com/MamangRust/monolith-payment-gateway-pkg/randomvcc/random.go:14.41,20.16 5 1
github.com/MamangRust/monolith-payment-gateway-pkg/randomvcc/random.go:20.16,22.3 1 0
github.com/MamangRust/monolith-payment-gateway-pkg/randomvcc/random.go:24.2,27.22 3 1
github.com/MamangRust/monolith-payment-gateway-pkg/rupiah/rupiah.go:12.40,15.16 2 7
github.com/MamangRust/monolith-payment-gateway-pkg/rupiah/rupiah.go:15.16,17.3 1 2
github.com/MamangRust/monolith-payment-gateway-pkg/rupiah/rupiah.go:19.2,20.18 2 5
github.com/MamangRust/monolith-payment-gateway-pkg/trace_unic/trace_kode_unik.go:16.44,20.2 3 1
github.com/MamangRust/monolith-payment-gateway-pkg/hash/hash.go:25.40,27.2 1 3
github.com/MamangRust/monolith-payment-gateway-pkg/hash/hash.go:39.64,42.16 3 3
github.com/MamangRust/monolith-payment-gateway-pkg/hash/hash.go:42.16,44.3 1 0
github.com/MamangRust/monolith-payment-gateway-pkg/hash/hash.go:45.2,45.30 1 3
github.com/MamangRust/monolith-payment-gateway-pkg/hash/hash.go:57.78,59.2 1 2
